******************************************************************************
                  TI ARM Linker PC v18.12.2                    
******************************************************************************
>> Linked Fri Nov 15 00:18:39 2019

OUTPUT FILE NAME:   <Lab9.out>
ENTRY POINT SYMBOL: "_c_int00_noargs"  address: 000014c1


MEMORY CONFIGURATION

         name            origin    length      used     unused   attr    fill
----------------------  --------  ---------  --------  --------  ----  --------
  MAIN                  00000000   00040000  00001830  0003e7d0  R  X
  INFO                  00200000   00004000  00000000  00004000  R  X
  SRAM_CODE             01000000   00010000  00000277  0000fd89  RW X
  SRAM_DATA             20000000   00010000  00000277  0000fd89  RW  


SEGMENT ALLOCATION MAP

run origin  load origin   length   init length attrs members
----------  ----------- ---------- ----------- ----- -------
00000000    00000000    00001830   00001830    r-x
  00000000    00000000    000000e4   000000e4    r-- .intvecs
  000000e4    000000e4    000016b0   000016b0    r-x .text
  00001794    00001794    00000044   00000044    r-- .const
  000017d8    000017d8    00000058   00000058    r-- .cinit
20000000    20000000    00000077   00000000    rw-
  20000000    20000000    00000068   00000000    rw- .data
  20000068    20000068    0000000f   00000000    rw- .bss
2000fe00    2000fe00    00000200   00000000    rw-
  2000fe00    2000fe00    00000200   00000000    rw- .stack


SECTION ALLOCATION MAP

 output                                  attributes/
section   page    origin      length       input sections
--------  ----  ----------  ----------   ----------------
.intvecs   0    00000000    000000e4     
                  00000000    000000e4     startup_msp432p401r_ccs.obj (.intvecs:retain)

.text      0    000000e4    000016b0     
                  000000e4    00000738     main.obj (.text:main)
                  0000081c    0000017c     Clock.obj (.text:Clock_Init48MHz)
                  00000998    000000d8     HAL_OPT3001.obj (.text:OPT3001_getLux)
                  00000a70    000000b8     main.obj (.text:Initialize_System)
                  00000b28    000000b4     Encoder.obj (.text:encoder_init)
                  00000bdc    000000b0     Bump.obj (.text:Bump_Read)
                  00000c8c    000000b0     Motor.obj (.text:motor_init)
                  00000d3c    0000009c     rtsv7M4_T_le_v4SPD16_eabi.lib : memcpy_t2.asm.obj (.text)
                  00000dd8    00000098     Encoder.obj (.text:PORT5_IRQHandler)
                  00000e70    0000008c     HAL_I2C.obj (.text:I2C_read16)
                  00000efc    0000008c     Button.obj (.text:button_init)
                  00000f88    00000088     msp432p4xx_driverlib.lib : gpio.o (.text:GPIO_setAsPeripheralModuleFunctionOutputPin)
                  00001010    00000078     system_msp432p401r.obj (.text:SystemInit)
                  00001088    0000006c     msp432p4xx_driverlib.lib : i2c.o (.text:I2C_masterSendMultiByteFinish)
                  000010f4    00000068                              : i2c.o (.text:I2C_masterSendMultiByteStart)
                  0000115c    00000068     rtsv7M4_T_le_v4SPD16_eabi.lib : copy_decompress_lzss.c.obj (.text:decompress:lzss:__TI_decompress_lzss)
                  000011c4    00000062     msp432p4xx_driverlib.lib : i2c.o (.text:I2C_initMaster)
                  00001226    00000002     startup_msp432p401r_ccs.obj (.text:Default_Handler)
                  00001228    00000060     Motor.obj (.text:set_left_motor_pwm)
                  00001288    00000060     Motor.obj (.text:set_right_motor_pwm)
                  000012e8    0000005c     Bump.obj (.text:Bump_Init)
                  00001344    00000048     HAL_I2C.obj (.text:I2C_write16)
                  0000138c    00000044     Button.obj (.text:PORT1_IRQHandler)
                  000013d0    00000044     rtsv7M4_T_le_v4SPD16_eabi.lib : autoinit.c.obj (.text:__TI_auto_init_nobinit_nopinit:__TI_auto_init_nobinit_nopinit)
                  00001414    00000040     msp432p4xx_driverlib.lib : i2c.o (.text:I2C_masterReceiveMultiByteFinish)
                  00001454    00000038                              : i2c.o (.text:I2C_masterSendMultiByteStop)
                  0000148c    00000034                              : i2c.o (.text:I2C_masterSendMultiByteNext)
                  000014c0    00000034     rtsv7M4_T_le_v4SPD16_eabi.lib : boot_cortex_m.c.obj (.text:_c_int00_noargs:_c_int00_noargs)
                  000014f4    00000034                                   : rand.c.obj (.text:rand)
                  00001528    00000030     Motor.obj (.text:set_left_motor_direction)
                  00001558    00000030     Motor.obj (.text:set_right_motor_direction)
                  00001588    0000002c     Clock.obj (.text:Clock_Delay1ms)
                  000015b4    00000020     HAL_I2C.obj (.text:I2C_init)
                  000015d4    0000001c     msp432p4xx_driverlib.lib : i2c.o (.text:I2C_setMode)
                  000015f0    0000001c     HAL_I2C.obj (.text:I2C_setslave)
                  0000160c    0000001c     rtsv7M4_T_le_v4SPD16_eabi.lib : copy_zero_init.c.obj (.text:decompress:ZI:__TI_zero_init_nomemset:__TI_zero_init_nomemset)
                  00001628    0000001a     msp432p4xx_driverlib.lib : i2c.o (.text:I2C_masterReceiveStart)
                  00001642    00000018                              : i2c.o (.text:I2C_getInterruptStatus)
                  0000165a    00000002     rtsv7M4_T_le_v4SPD16_eabi.lib : _lock.c.obj (.text:_nop)
                  0000165c    00000018     msp432p4xx_driverlib.lib : i2c.o (.text:I2C_isBusBusy)
                  00001674    00000018     HAL_I2C.obj (.text:Init_I2C_GPIO)
                  0000168c    00000018     Button.obj (.text:button_S1_pressed)
                  000016a4    00000018     Button.obj (.text:button_S2_pressed)
                  000016bc    00000016     msp432p4xx_driverlib.lib : i2c.o (.text:I2C_clearInterruptFlag)
                  000016d2    00000016                              : i2c.o (.text:I2C_disableModule)
                  000016e8    00000016                              : i2c.o (.text:I2C_enableModule)
                  000016fe    00000014                              : i2c.o (.text:I2C_masterReceiveMultiByteNext)
                  00001712    00000014                              : i2c.o (.text:I2C_setSlaveAddress)
                  00001726    00000014     HAL_OPT3001.obj (.text:OPT3001_init)
                  0000173a    00000002     --HOLE-- [fill = 0]
                  0000173c    00000010     main.obj (.text:SysTick_Handler)
                  0000174c    0000000e     rtsv7M4_T_le_v4SPD16_eabi.lib : copy_decompress_none.c.obj (.text:decompress:none:__TI_decompress_none)
                  0000175a    0000000e     Clock.obj (.text:delay)
                  00001768    0000000c     startup_msp432p401r_ccs.obj (.text:Reset_Handler)
                  00001774    0000000c     Encoder.obj (.text:get_left_motor_count)
                  00001780    0000000c     Encoder.obj (.text:get_right_motor_count)
                  0000178c    00000004     rtsv7M4_T_le_v4SPD16_eabi.lib : pre_init.c.obj (.text:_system_pre_init)
                  00001790    00000004                                   : exit.c.obj (.text:abort:abort)

.const     0    00001794    00000044     
                  00001794    00000030     msp432p4xx_driverlib.lib : gpio.o (.const:GPIO_PORT_TO_BASE)
                  000017c4    00000014     HAL_I2C.obj (.const:i2cConfig)

.cinit     0    000017d8    00000058     
                  000017d8    0000002d     (.cinit..data.load) [load image, compression = lzss]
                  00001805    00000003     --HOLE-- [fill = 0]
                  00001808    0000000c     (__TI_handler_table)
                  00001814    00000004     --HOLE-- [fill = 0]
                  00001818    00000008     (.cinit..bss.load) [load image, compression = zero_init]
                  00001820    00000010     (__TI_cinit_table)

.init_array 
*          0    00000000    00000000     UNINITIALIZED

.binit     0    00000000    00000000     

.data      0    20000000    00000068     UNINITIALIZED
                  20000000    00000018     Clock.obj (.data)
                  20000018    00000018     Motor.obj (.data:left_motor_pwm_config)
                  20000030    00000018     Motor.obj (.data:right_motor_pwm_config)
                  20000048    00000009     main.obj (.data)
                  20000051    00000002     Button.obj (.data)
                  20000053    00000001     --HOLE--
                  20000054    00000008     rtsv7M4_T_le_v4SPD16_eabi.lib : _lock.c.obj (.data:$O1$$)
                  2000005c    00000008     Encoder.obj (.data)
                  20000064    00000004     rtsv7M4_T_le_v4SPD16_eabi.lib : rand.c.obj (.data)

.bss       0    20000068    0000000f     UNINITIALIZED
                  20000068    00000004     (.common:lux)
                  2000006c    00000004     (.common:mouse)
                  20000070    00000001     (.common:bump_data)
                  20000071    00000001     (.common:bump_data0)
                  20000072    00000001     (.common:bump_data1)
                  20000073    00000001     (.common:bump_data2)
                  20000074    00000001     (.common:bump_data3)
                  20000075    00000001     (.common:bump_data4)
                  20000076    00000001     (.common:bump_data5)

.stack     0    2000fe00    00000200     UNINITIALIZED
                  2000fe00    00000004     rtsv7M4_T_le_v4SPD16_eabi.lib : boot_cortex_m.c.obj (.stack)
                  2000fe04    000001fc     --HOLE--

MODULE SUMMARY

       Module                        code   ro data   rw data
       ------                        ----   -------   -------
    .\
       main.obj                      2048   0         48     
       system_msp432p401r.obj        120    0         0      
    +--+-----------------------------+------+---------+---------+
       Total:                        2168   0         48     
                                                             
    .\Library\
       Motor.obj                     464    0         96     
       Clock.obj                     438    0         48     
       Encoder.obj                   356    0         16     
       HAL_I2C.obj                   296    20        0      
       Bump.obj                      268    0         0      
       Button.obj                    256    0         4      
       HAL_OPT3001.obj               236    0         0      
    +--+-----------------------------+------+---------+---------+
       Total:                        2314   20        164    
                                                             
    .\ccs\
       startup_msp432p401r_ccs.obj   14     228       0      
    +--+-----------------------------+------+---------+---------+
       Total:                        14     228       0      
                                                             
    C:/ti/simplelink_msp432p4_sdk_3_30_00_13/source/ti/devices/msp432p4xx/driverlib/ccs/msp432p4xx_driverlib.lib
       i2c.o                         690    0         0      
       gpio.o                        136    48        0      
    +--+-----------------------------+------+---------+---------+
       Total:                        826    48        0      
                                                             
    C:\ti\ccs910\ccs\tools\compiler\ti-cgt-arm_18.12.2.LTS\lib\rtsv7M4_T_le_v4SPD16_eabi.lib
       memcpy_t2.asm.obj             156    0         0      
       copy_decompress_lzss.c.obj    104    0         0      
       autoinit.c.obj                68     0         0      
       rand.c.obj                    52     0         8      
       boot_cortex_m.c.obj           52     0         0      
       copy_zero_init.c.obj          28     0         0      
       _lock.c.obj                   2      0         16     
       copy_decompress_none.c.obj    14     0         0      
       exit.c.obj                    4      0         0      
       pre_init.c.obj                4      0         0      
    +--+-----------------------------+------+---------+---------+
       Total:                        484    0         24     
                                                             
       Stack:                        0      0         1024   
       Linker Generated:             0      81        0      
    +--+-----------------------------+------+---------+---------+
       Grand Total:                  5806   377       1260   


LINKER GENERATED COPY TABLES

__TI_cinit_table @ 00001820 records: 2, size/record: 8, table size: 16
	.data: load addr=000017d8, load size=0000002d bytes, run addr=20000000, run size=00000068 bytes, compression=lzss
	.bss: load addr=00001818, load size=00000008 bytes, run addr=20000068, run size=0000000f bytes, compression=zero_init


LINKER GENERATED HANDLER TABLE

__TI_handler_table @ 00001808 records: 3, size/record: 4, table size: 12
	index: 0, handler: __TI_decompress_lzss
	index: 1, handler: __TI_decompress_none
	index: 2, handler: __TI_zero_init


GLOBAL SYMBOLS: SORTED ALPHABETICALLY BY Name 

address   name                                       
-------   ----                                       
00001227  ADC14_IRQHandler                           
00001227  AES256_IRQHandler                          
000012e9  Bump_Init                                  
00000bdd  Bump_Read                                  
00001227  BusFault_Handler                           
00001791  C$$EXIT                                    
00001227  COMP_E0_IRQHandler                         
00001227  COMP_E1_IRQHandler                         
20000008  CPMwait                                    
00001227  CS_IRQHandler                              
20000000  ClockFrequency                             
00001589  Clock_Delay1ms                             
0000081d  Clock_Init48MHz                            
20000014  Crystalstable                              
00001227  DMA_ERR_IRQHandler                         
00001227  DMA_INT0_IRQHandler                        
00001227  DMA_INT1_IRQHandler                        
00001227  DMA_INT2_IRQHandler                        
00001227  DMA_INT3_IRQHandler                        
00001227  DebugMon_Handler                           
00001227  Default_Handler                            
00001227  EUSCIA0_IRQHandler                         
00001227  EUSCIA1_IRQHandler                         
00001227  EUSCIA2_IRQHandler                         
00001227  EUSCIA3_IRQHandler                         
00001227  EUSCIB0_IRQHandler                         
00001227  EUSCIB1_IRQHandler                         
00001227  EUSCIB2_IRQHandler                         
00001227  EUSCIB3_IRQHandler                         
00001227  FLCTL_IRQHandler                           
00001227  FPU_IRQHandler                             
00000f89  GPIO_setAsPeripheralModuleFunctionOutputPin
00001227  HardFault_Handler                          
000016bd  I2C_clearInterruptFlag                     
000016d3  I2C_disableModule                          
000016e9  I2C_enableModule                           
00001643  I2C_getInterruptStatus                     
000015b5  I2C_init                                   
000011c5  I2C_initMaster                             
0000165d  I2C_isBusBusy                              
00001415  I2C_masterReceiveMultiByteFinish           
000016ff  I2C_masterReceiveMultiByteNext             
00001629  I2C_masterReceiveStart                     
00001089  I2C_masterSendMultiByteFinish              
0000148d  I2C_masterSendMultiByteNext                
000010f5  I2C_masterSendMultiByteStart               
00001455  I2C_masterSendMultiByteStop                
00000e71  I2C_read16                                 
000015d5  I2C_setMode                                
00001713  I2C_setSlaveAddress                        
000015f1  I2C_setslave                               
00001345  I2C_write16                                
20000010  IFlags                                     
00001675  Init_I2C_GPIO                              
00000a71  Initialize_System                          
00001227  MemManage_Handler                          
00001227  NMI_Handler                                
00000999  OPT3001_getLux                             
00001727  OPT3001_init                               
00001227  PCM_IRQHandler                             
0000138d  PORT1_IRQHandler                           
0000138d  PORT1_IRQHandler                           
00001227  PORT2_IRQHandler                           
00001227  PORT3_IRQHandler                           
00001227  PORT4_IRQHandler                           
00000dd9  PORT5_IRQHandler                           
00000dd9  PORT5_IRQHandler                           
00001227  PORT6_IRQHandler                           
00001227  PSS_IRQHandler                             
00001227  PendSV_Handler                             
2000000c  Postwait                                   
20000004  Prewait                                    
00001227  RTC_C_IRQHandler                           
00001769  Reset_Handler                              
00001227  SVC_Handler                                
0000173d  SysTick_Handler                            
0000173d  SysTick_Handler                            
00001011  SystemInit                                 
00001227  T32_INT1_IRQHandler                        
00001227  T32_INT2_IRQHandler                        
00001227  T32_INTC_IRQHandler                        
00001227  TA0_0_IRQHandler                           
00001227  TA0_N_IRQHandler                           
00001227  TA1_0_IRQHandler                           
00001227  TA1_N_IRQHandler                           
00001227  TA2_0_IRQHandler                           
00001227  TA2_N_IRQHandler                           
00001227  TA3_0_IRQHandler                           
00001227  TA3_N_IRQHandler                           
00001227  UsageFault_Handler                         
4000480c  WDTCTL_SYM                                 
00001227  WDT_A_IRQHandler                           
20010000  __STACK_END                                
00000200  __STACK_SIZE                               
00001820  __TI_CINIT_Base                            
00001830  __TI_CINIT_Limit                           
00001808  __TI_Handler_Table_Base                    
00001814  __TI_Handler_Table_Limit                   
000013d1  __TI_auto_init_nobinit_nopinit             
0000115d  __TI_decompress_lzss                       
0000174d  __TI_decompress_none                       
ffffffff  __TI_pprof_out_hndl                        
ffffffff  __TI_prof_data_size                        
ffffffff  __TI_prof_data_start                       
00000000  __TI_static_base__                         
0000160d  __TI_zero_init_nomemset                    
00000d3d  __aeabi_memcpy                             
00000d3d  __aeabi_memcpy4                            
00000d3d  __aeabi_memcpy8                            
ffffffff  __binit__                                  
ffffffff  __c_args__                                 
UNDEFED   __mpu_init                                 
2000fe00  __stack                                    
000014c1  _c_int00_noargs                            
20000054  _lock                                      
0000165b  _nop                                       
UNDEFED   _system_post_cinit                         
0000178d  _system_pre_init                           
20000058  _unlock                                    
00001791  abort                                      
ffffffff  binit                                      
20000070  bump_data                                  
20000071  bump_data0                                 
20000072  bump_data1                                 
20000073  bump_data2                                 
20000074  bump_data3                                 
20000075  bump_data4                                 
20000076  bump_data5                                 
0000168d  button_S1_pressed                          
20000051  button_S1_pressed_flag                     
000016a5  button_S2_pressed                          
20000052  button_S2_pressed_flag                     
00000efd  button_init                                
0000175b  delay                                      
00000b29  encoder_init                               
00001775  get_left_motor_count                       
00001781  get_right_motor_count                      
2000004c  i                                          
000017c4  i2cConfig                                  
00000000  interruptVectors                           
2000005c  left_motor_count                           
20000018  left_motor_pwm_config                      
20000068  lux                                        
000000e5  main                                       
00000d3d  memcpy                                     
00000c8d  motor_init                                 
2000006c  mouse                                      
000014f5  rand                                       
20000060  right_motor_count                          
20000030  right_motor_pwm_config                     
00001529  set_left_motor_direction                   
00001229  set_left_motor_pwm                         
00001559  set_right_motor_direction                  
00001289  set_right_motor_pwm                        
20000050  state                                      
20000048  tick                                       


GLOBAL SYMBOLS: SORTED BY Symbol Address 

address   name                                       
-------   ----                                       
00000000  __TI_static_base__                         
00000000  interruptVectors                           
000000e5  main                                       
00000200  __STACK_SIZE                               
0000081d  Clock_Init48MHz                            
00000999  OPT3001_getLux                             
00000a71  Initialize_System                          
00000b29  encoder_init                               
00000bdd  Bump_Read                                  
00000c8d  motor_init                                 
00000d3d  __aeabi_memcpy                             
00000d3d  __aeabi_memcpy4                            
00000d3d  __aeabi_memcpy8                            
00000d3d  memcpy                                     
00000dd9  PORT5_IRQHandler                           
00000dd9  PORT5_IRQHandler                           
00000e71  I2C_read16                                 
00000efd  button_init                                
00000f89  GPIO_setAsPeripheralModuleFunctionOutputPin
00001011  SystemInit                                 
00001089  I2C_masterSendMultiByteFinish              
000010f5  I2C_masterSendMultiByteStart               
0000115d  __TI_decompress_lzss                       
000011c5  I2C_initMaster                             
00001227  ADC14_IRQHandler                           
00001227  AES256_IRQHandler                          
00001227  BusFault_Handler                           
00001227  COMP_E0_IRQHandler                         
00001227  COMP_E1_IRQHandler                         
00001227  CS_IRQHandler                              
00001227  DMA_ERR_IRQHandler                         
00001227  DMA_INT0_IRQHandler                        
00001227  DMA_INT1_IRQHandler                        
00001227  DMA_INT2_IRQHandler                        
00001227  DMA_INT3_IRQHandler                        
00001227  DebugMon_Handler                           
00001227  Default_Handler                            
00001227  EUSCIA0_IRQHandler                         
00001227  EUSCIA1_IRQHandler                         
00001227  EUSCIA2_IRQHandler                         
00001227  EUSCIA3_IRQHandler                         
00001227  EUSCIB0_IRQHandler                         
00001227  EUSCIB1_IRQHandler                         
00001227  EUSCIB2_IRQHandler                         
00001227  EUSCIB3_IRQHandler                         
00001227  FLCTL_IRQHandler                           
00001227  FPU_IRQHandler                             
00001227  HardFault_Handler                          
00001227  MemManage_Handler                          
00001227  NMI_Handler                                
00001227  PCM_IRQHandler                             
00001227  PORT2_IRQHandler                           
00001227  PORT3_IRQHandler                           
00001227  PORT4_IRQHandler                           
00001227  PORT6_IRQHandler                           
00001227  PSS_IRQHandler                             
00001227  PendSV_Handler                             
00001227  RTC_C_IRQHandler                           
00001227  SVC_Handler                                
00001227  T32_INT1_IRQHandler                        
00001227  T32_INT2_IRQHandler                        
00001227  T32_INTC_IRQHandler                        
00001227  TA0_0_IRQHandler                           
00001227  TA0_N_IRQHandler                           
00001227  TA1_0_IRQHandler                           
00001227  TA1_N_IRQHandler                           
00001227  TA2_0_IRQHandler                           
00001227  TA2_N_IRQHandler                           
00001227  TA3_0_IRQHandler                           
00001227  TA3_N_IRQHandler                           
00001227  UsageFault_Handler                         
00001227  WDT_A_IRQHandler                           
00001229  set_left_motor_pwm                         
00001289  set_right_motor_pwm                        
000012e9  Bump_Init                                  
00001345  I2C_write16                                
0000138d  PORT1_IRQHandler                           
0000138d  PORT1_IRQHandler                           
000013d1  __TI_auto_init_nobinit_nopinit             
00001415  I2C_masterReceiveMultiByteFinish           
00001455  I2C_masterSendMultiByteStop                
0000148d  I2C_masterSendMultiByteNext                
000014c1  _c_int00_noargs                            
000014f5  rand                                       
00001529  set_left_motor_direction                   
00001559  set_right_motor_direction                  
00001589  Clock_Delay1ms                             
000015b5  I2C_init                                   
000015d5  I2C_setMode                                
000015f1  I2C_setslave                               
0000160d  __TI_zero_init_nomemset                    
00001629  I2C_masterReceiveStart                     
00001643  I2C_getInterruptStatus                     
0000165b  _nop                                       
0000165d  I2C_isBusBusy                              
00001675  Init_I2C_GPIO                              
0000168d  button_S1_pressed                          
000016a5  button_S2_pressed                          
000016bd  I2C_clearInterruptFlag                     
000016d3  I2C_disableModule                          
000016e9  I2C_enableModule                           
000016ff  I2C_masterReceiveMultiByteNext             
00001713  I2C_setSlaveAddress                        
00001727  OPT3001_init                               
0000173d  SysTick_Handler                            
0000173d  SysTick_Handler                            
0000174d  __TI_decompress_none                       
0000175b  delay                                      
00001769  Reset_Handler                              
00001775  get_left_motor_count                       
00001781  get_right_motor_count                      
0000178d  _system_pre_init                           
00001791  C$$EXIT                                    
00001791  abort                                      
000017c4  i2cConfig                                  
00001808  __TI_Handler_Table_Base                    
00001814  __TI_Handler_Table_Limit                   
00001820  __TI_CINIT_Base                            
00001830  __TI_CINIT_Limit                           
20000000  ClockFrequency                             
20000004  Prewait                                    
20000008  CPMwait                                    
2000000c  Postwait                                   
20000010  IFlags                                     
20000014  Crystalstable                              
20000018  left_motor_pwm_config                      
20000030  right_motor_pwm_config                     
20000048  tick                                       
2000004c  i                                          
20000050  state                                      
20000051  button_S1_pressed_flag                     
20000052  button_S2_pressed_flag                     
20000054  _lock                                      
20000058  _unlock                                    
2000005c  left_motor_count                           
20000060  right_motor_count                          
20000068  lux                                        
2000006c  mouse                                      
20000070  bump_data                                  
20000071  bump_data0                                 
20000072  bump_data1                                 
20000073  bump_data2                                 
20000074  bump_data3                                 
20000075  bump_data4                                 
20000076  bump_data5                                 
2000fe00  __stack                                    
20010000  __STACK_END                                
4000480c  WDTCTL_SYM                                 
ffffffff  __TI_pprof_out_hndl                        
ffffffff  __TI_prof_data_size                        
ffffffff  __TI_prof_data_start                       
ffffffff  __binit__                                  
ffffffff  __c_args__                                 
ffffffff  binit                                      
UNDEFED   __mpu_init                                 
UNDEFED   _system_post_cinit                         

[156 symbols]
