******************************************************************************
                  TI ARM Linker PC v18.12.2                    
******************************************************************************
>> Linked Fri Nov 15 14:01:45 2019

OUTPUT FILE NAME:   <Lab9 bumble.out>
ENTRY POINT SYMBOL: "_c_int00_noargs"  address: 0000162d


MEMORY CONFIGURATION

         name            origin    length      used     unused   attr    fill
----------------------  --------  ---------  --------  --------  ----  --------
  MAIN                  00000000   00040000  0000199c  0003e664  R  X
  INFO                  00200000   00004000  00000000  00004000  R  X
  SRAM_CODE             01000000   00010000  00000277  0000fd89  RW X
  SRAM_DATA             20000000   00010000  00000277  0000fd89  RW  


SEGMENT ALLOCATION MAP

run origin  load origin   length   init length attrs members
----------  ----------- ---------- ----------- ----- -------
00000000    00000000    000019a0   000019a0    r-x
  00000000    00000000    000000e4   000000e4    r-- .intvecs
  000000e4    000000e4    0000181c   0000181c    r-x .text
  00001900    00001900    00000044   00000044    r-- .const
  00001948    00001948    00000058   00000058    r-- .cinit
20000000    20000000    00000077   00000000    rw-
  20000000    20000000    00000068   00000000    rw- .data
  20000068    20000068    0000000f   00000000    rw- .bss
2000fe00    2000fe00    00000200   00000000    rw-
  2000fe00    2000fe00    00000200   00000000    rw- .stack


SECTION ALLOCATION MAP

 output                                  attributes/
section   page    origin      length       input sections
--------  ----  ----------  ----------   ----------------
.intvecs   0    00000000    000000e4     
                  00000000    000000e4     startup_msp432p401r_ccs.obj (.intvecs:retain)

.text      0    000000e4    0000181c     
                  000000e4    000008a4     main.obj (.text:main)
                  00000988    0000017c     Clock.obj (.text:Clock_Init48MHz)
                  00000b04    000000d8     HAL_OPT3001.obj (.text:OPT3001_getLux)
                  00000bdc    000000b8     main.obj (.text:Initialize_System)
                  00000c94    000000b4     Encoder.obj (.text:encoder_init)
                  00000d48    000000b0     Bump.obj (.text:Bump_Read)
                  00000df8    000000b0     Motor.obj (.text:motor_init)
                  00000ea8    0000009c     rtsv7M4_T_le_v4SPD16_eabi.lib : memcpy_t2.asm.obj (.text)
                  00000f44    00000098     Encoder.obj (.text:PORT5_IRQHandler)
                  00000fdc    0000008c     HAL_I2C.obj (.text:I2C_read16)
                  00001068    0000008c     Button.obj (.text:button_init)
                  000010f4    00000088     msp432p4xx_driverlib.lib : gpio.o (.text:GPIO_setAsPeripheralModuleFunctionOutputPin)
                  0000117c    00000078     system_msp432p401r.obj (.text:SystemInit)
                  000011f4    0000006c     msp432p4xx_driverlib.lib : i2c.o (.text:I2C_masterSendMultiByteFinish)
                  00001260    00000068                              : i2c.o (.text:I2C_masterSendMultiByteStart)
                  000012c8    00000068     rtsv7M4_T_le_v4SPD16_eabi.lib : copy_decompress_lzss.c.obj (.text:decompress:lzss:__TI_decompress_lzss)
                  00001330    00000062     msp432p4xx_driverlib.lib : i2c.o (.text:I2C_initMaster)
                  00001392    00000002     startup_msp432p401r_ccs.obj (.text:Default_Handler)
                  00001394    00000060     Motor.obj (.text:set_left_motor_pwm)
                  000013f4    00000060     Motor.obj (.text:set_right_motor_pwm)
                  00001454    0000005c     Bump.obj (.text:Bump_Init)
                  000014b0    00000048     HAL_I2C.obj (.text:I2C_write16)
                  000014f8    00000044     Button.obj (.text:PORT1_IRQHandler)
                  0000153c    00000044     rtsv7M4_T_le_v4SPD16_eabi.lib : autoinit.c.obj (.text:__TI_auto_init_nobinit_nopinit:__TI_auto_init_nobinit_nopinit)
                  00001580    00000040     msp432p4xx_driverlib.lib : i2c.o (.text:I2C_masterReceiveMultiByteFinish)
                  000015c0    00000038                              : i2c.o (.text:I2C_masterSendMultiByteStop)
                  000015f8    00000034                              : i2c.o (.text:I2C_masterSendMultiByteNext)
                  0000162c    00000034     rtsv7M4_T_le_v4SPD16_eabi.lib : boot_cortex_m.c.obj (.text:_c_int00_noargs:_c_int00_noargs)
                  00001660    00000034                                   : rand.c.obj (.text:rand)
                  00001694    00000030     Motor.obj (.text:set_left_motor_direction)
                  000016c4    00000030     Motor.obj (.text:set_right_motor_direction)
                  000016f4    0000002c     Clock.obj (.text:Clock_Delay1ms)
                  00001720    00000020     HAL_I2C.obj (.text:I2C_init)
                  00001740    0000001c     msp432p4xx_driverlib.lib : i2c.o (.text:I2C_setMode)
                  0000175c    0000001c     HAL_I2C.obj (.text:I2C_setslave)
                  00001778    0000001c     rtsv7M4_T_le_v4SPD16_eabi.lib : copy_zero_init.c.obj (.text:decompress:ZI:__TI_zero_init_nomemset:__TI_zero_init_nomemset)
                  00001794    0000001a     msp432p4xx_driverlib.lib : i2c.o (.text:I2C_masterReceiveStart)
                  000017ae    00000018                              : i2c.o (.text:I2C_getInterruptStatus)
                  000017c6    00000002     rtsv7M4_T_le_v4SPD16_eabi.lib : _lock.c.obj (.text:_nop)
                  000017c8    00000018     msp432p4xx_driverlib.lib : i2c.o (.text:I2C_isBusBusy)
                  000017e0    00000018     HAL_I2C.obj (.text:Init_I2C_GPIO)
                  000017f8    00000018     Button.obj (.text:button_S1_pressed)
                  00001810    00000018     Button.obj (.text:button_S2_pressed)
                  00001828    00000016     msp432p4xx_driverlib.lib : i2c.o (.text:I2C_clearInterruptFlag)
                  0000183e    00000016                              : i2c.o (.text:I2C_disableModule)
                  00001854    00000016                              : i2c.o (.text:I2C_enableModule)
                  0000186a    00000014                              : i2c.o (.text:I2C_masterReceiveMultiByteNext)
                  0000187e    00000014                              : i2c.o (.text:I2C_setSlaveAddress)
                  00001892    00000014     HAL_OPT3001.obj (.text:OPT3001_init)
                  000018a6    00000002     --HOLE-- [fill = 0]
                  000018a8    00000010     main.obj (.text:SysTick_Handler)
                  000018b8    0000000e     rtsv7M4_T_le_v4SPD16_eabi.lib : copy_decompress_none.c.obj (.text:decompress:none:__TI_decompress_none)
                  000018c6    0000000e     Clock.obj (.text:delay)
                  000018d4    0000000c     startup_msp432p401r_ccs.obj (.text:Reset_Handler)
                  000018e0    0000000c     Encoder.obj (.text:get_left_motor_count)
                  000018ec    0000000c     Encoder.obj (.text:get_right_motor_count)
                  000018f8    00000004     rtsv7M4_T_le_v4SPD16_eabi.lib : pre_init.c.obj (.text:_system_pre_init)
                  000018fc    00000004                                   : exit.c.obj (.text:abort:abort)

.const     0    00001900    00000044     
                  00001900    00000030     msp432p4xx_driverlib.lib : gpio.o (.const:GPIO_PORT_TO_BASE)
                  00001930    00000014     HAL_I2C.obj (.const:i2cConfig)

.cinit     0    00001948    00000058     
                  00001948    0000002d     (.cinit..data.load) [load image, compression = lzss]
                  00001975    00000003     --HOLE-- [fill = 0]
                  00001978    0000000c     (__TI_handler_table)
                  00001984    00000004     --HOLE-- [fill = 0]
                  00001988    00000008     (.cinit..bss.load) [load image, compression = zero_init]
                  00001990    00000010     (__TI_cinit_table)

.init_array 
*          0    00000000    00000000     UNINITIALIZED

.binit     0    00000000    00000000     

.data      0    20000000    00000068     UNINITIALIZED
                  20000000    00000018     Clock.obj (.data)
                  20000018    00000018     Motor.obj (.data:left_motor_pwm_config)
                  20000030    00000018     Motor.obj (.data:right_motor_pwm_config)
                  20000048    00000009     main.obj (.data)
                  20000051    00000002     Button.obj (.data)
                  20000053    00000001     --HOLE--
                  20000054    00000008     rtsv7M4_T_le_v4SPD16_eabi.lib : _lock.c.obj (.data:$O1$$)
                  2000005c    00000008     Encoder.obj (.data)
                  20000064    00000004     rtsv7M4_T_le_v4SPD16_eabi.lib : rand.c.obj (.data)

.bss       0    20000068    0000000f     UNINITIALIZED
                  20000068    00000004     (.common:lux)
                  2000006c    00000004     (.common:mouse)
                  20000070    00000001     (.common:bump_data)
                  20000071    00000001     (.common:bump_data0)
                  20000072    00000001     (.common:bump_data1)
                  20000073    00000001     (.common:bump_data2)
                  20000074    00000001     (.common:bump_data3)
                  20000075    00000001     (.common:bump_data4)
                  20000076    00000001     (.common:bump_data5)

.stack     0    2000fe00    00000200     UNINITIALIZED
                  2000fe00    00000004     rtsv7M4_T_le_v4SPD16_eabi.lib : boot_cortex_m.c.obj (.stack)
                  2000fe04    000001fc     --HOLE--

MODULE SUMMARY

       Module                        code   ro data   rw data
       ------                        ----   -------   -------
    .\
       main.obj                      2412   0         48     
       system_msp432p401r.obj        120    0         0      
    +--+-----------------------------+------+---------+---------+
       Total:                        2532   0         48     
                                                             
    .\Library\
       Motor.obj                     464    0         96     
       Clock.obj                     438    0         48     
       Encoder.obj                   356    0         16     
       HAL_I2C.obj                   296    20        0      
       Bump.obj                      268    0         0      
       Button.obj                    256    0         4      
       HAL_OPT3001.obj               236    0         0      
    +--+-----------------------------+------+---------+---------+
       Total:                        2314   20        164    
                                                             
    .\ccs\
       startup_msp432p401r_ccs.obj   14     228       0      
    +--+-----------------------------+------+---------+---------+
       Total:                        14     228       0      
                                                             
    C:/ti/simplelink_msp432p4_sdk_3_30_00_13/source/ti/devices/msp432p4xx/driverlib/ccs/msp432p4xx_driverlib.lib
       i2c.o                         690    0         0      
       gpio.o                        136    48        0      
    +--+-----------------------------+------+---------+---------+
       Total:                        826    48        0      
                                                             
    C:\ti\ccs910\ccs\tools\compiler\ti-cgt-arm_18.12.2.LTS\lib\rtsv7M4_T_le_v4SPD16_eabi.lib
       memcpy_t2.asm.obj             156    0         0      
       copy_decompress_lzss.c.obj    104    0         0      
       autoinit.c.obj                68     0         0      
       rand.c.obj                    52     0         8      
       boot_cortex_m.c.obj           52     0         0      
       copy_zero_init.c.obj          28     0         0      
       _lock.c.obj                   2      0         16     
       copy_decompress_none.c.obj    14     0         0      
       exit.c.obj                    4      0         0      
       pre_init.c.obj                4      0         0      
    +--+-----------------------------+------+---------+---------+
       Total:                        484    0         24     
                                                             
       Stack:                        0      0         1024   
       Linker Generated:             0      81        0      
    +--+-----------------------------+------+---------+---------+
       Grand Total:                  6170   377       1260   


LINKER GENERATED COPY TABLES

__TI_cinit_table @ 00001990 records: 2, size/record: 8, table size: 16
	.data: load addr=00001948, load size=0000002d bytes, run addr=20000000, run size=00000068 bytes, compression=lzss
	.bss: load addr=00001988, load size=00000008 bytes, run addr=20000068, run size=0000000f bytes, compression=zero_init


LINKER GENERATED HANDLER TABLE

__TI_handler_table @ 00001978 records: 3, size/record: 4, table size: 12
	index: 0, handler: __TI_decompress_lzss
	index: 1, handler: __TI_decompress_none
	index: 2, handler: __TI_zero_init


GLOBAL SYMBOLS: SORTED ALPHABETICALLY BY Name 

address   name                                       
-------   ----                                       
00001393  ADC14_IRQHandler                           
00001393  AES256_IRQHandler                          
00001455  Bump_Init                                  
00000d49  Bump_Read                                  
00001393  BusFault_Handler                           
000018fd  C$$EXIT                                    
00001393  COMP_E0_IRQHandler                         
00001393  COMP_E1_IRQHandler                         
20000008  CPMwait                                    
00001393  CS_IRQHandler                              
20000000  ClockFrequency                             
000016f5  Clock_Delay1ms                             
00000989  Clock_Init48MHz                            
20000014  Crystalstable                              
00001393  DMA_ERR_IRQHandler                         
00001393  DMA_INT0_IRQHandler                        
00001393  DMA_INT1_IRQHandler                        
00001393  DMA_INT2_IRQHandler                        
00001393  DMA_INT3_IRQHandler                        
00001393  DebugMon_Handler                           
00001393  Default_Handler                            
00001393  EUSCIA0_IRQHandler                         
00001393  EUSCIA1_IRQHandler                         
00001393  EUSCIA2_IRQHandler                         
00001393  EUSCIA3_IRQHandler                         
00001393  EUSCIB0_IRQHandler                         
00001393  EUSCIB1_IRQHandler                         
00001393  EUSCIB2_IRQHandler                         
00001393  EUSCIB3_IRQHandler                         
00001393  FLCTL_IRQHandler                           
00001393  FPU_IRQHandler                             
000010f5  GPIO_setAsPeripheralModuleFunctionOutputPin
00001393  HardFault_Handler                          
00001829  I2C_clearInterruptFlag                     
0000183f  I2C_disableModule                          
00001855  I2C_enableModule                           
000017af  I2C_getInterruptStatus                     
00001721  I2C_init                                   
00001331  I2C_initMaster                             
000017c9  I2C_isBusBusy                              
00001581  I2C_masterReceiveMultiByteFinish           
0000186b  I2C_masterReceiveMultiByteNext             
00001795  I2C_masterReceiveStart                     
000011f5  I2C_masterSendMultiByteFinish              
000015f9  I2C_masterSendMultiByteNext                
00001261  I2C_masterSendMultiByteStart               
000015c1  I2C_masterSendMultiByteStop                
00000fdd  I2C_read16                                 
00001741  I2C_setMode                                
0000187f  I2C_setSlaveAddress                        
0000175d  I2C_setslave                               
000014b1  I2C_write16                                
20000010  IFlags                                     
000017e1  Init_I2C_GPIO                              
00000bdd  Initialize_System                          
00001393  MemManage_Handler                          
00001393  NMI_Handler                                
00000b05  OPT3001_getLux                             
00001893  OPT3001_init                               
00001393  PCM_IRQHandler                             
000014f9  PORT1_IRQHandler                           
000014f9  PORT1_IRQHandler                           
00001393  PORT2_IRQHandler                           
00001393  PORT3_IRQHandler                           
00001393  PORT4_IRQHandler                           
00000f45  PORT5_IRQHandler                           
00000f45  PORT5_IRQHandler                           
00001393  PORT6_IRQHandler                           
00001393  PSS_IRQHandler                             
00001393  PendSV_Handler                             
2000000c  Postwait                                   
20000004  Prewait                                    
00001393  RTC_C_IRQHandler                           
000018d5  Reset_Handler                              
00001393  SVC_Handler                                
000018a9  SysTick_Handler                            
000018a9  SysTick_Handler                            
0000117d  SystemInit                                 
00001393  T32_INT1_IRQHandler                        
00001393  T32_INT2_IRQHandler                        
00001393  T32_INTC_IRQHandler                        
00001393  TA0_0_IRQHandler                           
00001393  TA0_N_IRQHandler                           
00001393  TA1_0_IRQHandler                           
00001393  TA1_N_IRQHandler                           
00001393  TA2_0_IRQHandler                           
00001393  TA2_N_IRQHandler                           
00001393  TA3_0_IRQHandler                           
00001393  TA3_N_IRQHandler                           
00001393  UsageFault_Handler                         
4000480c  WDTCTL_SYM                                 
00001393  WDT_A_IRQHandler                           
20010000  __STACK_END                                
00000200  __STACK_SIZE                               
00001990  __TI_CINIT_Base                            
000019a0  __TI_CINIT_Limit                           
00001978  __TI_Handler_Table_Base                    
00001984  __TI_Handler_Table_Limit                   
0000153d  __TI_auto_init_nobinit_nopinit             
000012c9  __TI_decompress_lzss                       
000018b9  __TI_decompress_none                       
ffffffff  __TI_pprof_out_hndl                        
ffffffff  __TI_prof_data_size                        
ffffffff  __TI_prof_data_start                       
00000000  __TI_static_base__                         
00001779  __TI_zero_init_nomemset                    
00000ea9  __aeabi_memcpy                             
00000ea9  __aeabi_memcpy4                            
00000ea9  __aeabi_memcpy8                            
ffffffff  __binit__                                  
ffffffff  __c_args__                                 
UNDEFED   __mpu_init                                 
2000fe00  __stack                                    
0000162d  _c_int00_noargs                            
20000054  _lock                                      
000017c7  _nop                                       
UNDEFED   _system_post_cinit                         
000018f9  _system_pre_init                           
20000058  _unlock                                    
000018fd  abort                                      
ffffffff  binit                                      
20000070  bump_data                                  
20000071  bump_data0                                 
20000072  bump_data1                                 
20000073  bump_data2                                 
20000074  bump_data3                                 
20000075  bump_data4                                 
20000076  bump_data5                                 
000017f9  button_S1_pressed                          
20000051  button_S1_pressed_flag                     
00001811  button_S2_pressed                          
20000052  button_S2_pressed_flag                     
00001069  button_init                                
000018c7  delay                                      
00000c95  encoder_init                               
000018e1  get_left_motor_count                       
000018ed  get_right_motor_count                      
2000004c  i                                          
00001930  i2cConfig                                  
00000000  interruptVectors                           
2000005c  left_motor_count                           
20000018  left_motor_pwm_config                      
20000068  lux                                        
000000e5  main                                       
00000ea9  memcpy                                     
00000df9  motor_init                                 
2000006c  mouse                                      
00001661  rand                                       
20000060  right_motor_count                          
20000030  right_motor_pwm_config                     
00001695  set_left_motor_direction                   
00001395  set_left_motor_pwm                         
000016c5  set_right_motor_direction                  
000013f5  set_right_motor_pwm                        
20000050  state                                      
20000048  tick                                       


GLOBAL SYMBOLS: SORTED BY Symbol Address 

address   name                                       
-------   ----                                       
00000000  __TI_static_base__                         
00000000  interruptVectors                           
000000e5  main                                       
00000200  __STACK_SIZE                               
00000989  Clock_Init48MHz                            
00000b05  OPT3001_getLux                             
00000bdd  Initialize_System                          
00000c95  encoder_init                               
00000d49  Bump_Read                                  
00000df9  motor_init                                 
00000ea9  __aeabi_memcpy                             
00000ea9  __aeabi_memcpy4                            
00000ea9  __aeabi_memcpy8                            
00000ea9  memcpy                                     
00000f45  PORT5_IRQHandler                           
00000f45  PORT5_IRQHandler                           
00000fdd  I2C_read16                                 
00001069  button_init                                
000010f5  GPIO_setAsPeripheralModuleFunctionOutputPin
0000117d  SystemInit                                 
000011f5  I2C_masterSendMultiByteFinish              
00001261  I2C_masterSendMultiByteStart               
000012c9  __TI_decompress_lzss                       
00001331  I2C_initMaster                             
00001393  ADC14_IRQHandler                           
00001393  AES256_IRQHandler                          
00001393  BusFault_Handler                           
00001393  COMP_E0_IRQHandler                         
00001393  COMP_E1_IRQHandler                         
00001393  CS_IRQHandler                              
00001393  DMA_ERR_IRQHandler                         
00001393  DMA_INT0_IRQHandler                        
00001393  DMA_INT1_IRQHandler                        
00001393  DMA_INT2_IRQHandler                        
00001393  DMA_INT3_IRQHandler                        
00001393  DebugMon_Handler                           
00001393  Default_Handler                            
00001393  EUSCIA0_IRQHandler                         
00001393  EUSCIA1_IRQHandler                         
00001393  EUSCIA2_IRQHandler                         
00001393  EUSCIA3_IRQHandler                         
00001393  EUSCIB0_IRQHandler                         
00001393  EUSCIB1_IRQHandler                         
00001393  EUSCIB2_IRQHandler                         
00001393  EUSCIB3_IRQHandler                         
00001393  FLCTL_IRQHandler                           
00001393  FPU_IRQHandler                             
00001393  HardFault_Handler                          
00001393  MemManage_Handler                          
00001393  NMI_Handler                                
00001393  PCM_IRQHandler                             
00001393  PORT2_IRQHandler                           
00001393  PORT3_IRQHandler                           
00001393  PORT4_IRQHandler                           
00001393  PORT6_IRQHandler                           
00001393  PSS_IRQHandler                             
00001393  PendSV_Handler                             
00001393  RTC_C_IRQHandler                           
00001393  SVC_Handler                                
00001393  T32_INT1_IRQHandler                        
00001393  T32_INT2_IRQHandler                        
00001393  T32_INTC_IRQHandler                        
00001393  TA0_0_IRQHandler                           
00001393  TA0_N_IRQHandler                           
00001393  TA1_0_IRQHandler                           
00001393  TA1_N_IRQHandler                           
00001393  TA2_0_IRQHandler                           
00001393  TA2_N_IRQHandler                           
00001393  TA3_0_IRQHandler                           
00001393  TA3_N_IRQHandler                           
00001393  UsageFault_Handler                         
00001393  WDT_A_IRQHandler                           
00001395  set_left_motor_pwm                         
000013f5  set_right_motor_pwm                        
00001455  Bump_Init                                  
000014b1  I2C_write16                                
000014f9  PORT1_IRQHandler                           
000014f9  PORT1_IRQHandler                           
0000153d  __TI_auto_init_nobinit_nopinit             
00001581  I2C_masterReceiveMultiByteFinish           
000015c1  I2C_masterSendMultiByteStop                
000015f9  I2C_masterSendMultiByteNext                
0000162d  _c_int00_noargs                            
00001661  rand                                       
00001695  set_left_motor_direction                   
000016c5  set_right_motor_direction                  
000016f5  Clock_Delay1ms                             
00001721  I2C_init                                   
00001741  I2C_setMode                                
0000175d  I2C_setslave                               
00001779  __TI_zero_init_nomemset                    
00001795  I2C_masterReceiveStart                     
000017af  I2C_getInterruptStatus                     
000017c7  _nop                                       
000017c9  I2C_isBusBusy                              
000017e1  Init_I2C_GPIO                              
000017f9  button_S1_pressed                          
00001811  button_S2_pressed                          
00001829  I2C_clearInterruptFlag                     
0000183f  I2C_disableModule                          
00001855  I2C_enableModule                           
0000186b  I2C_masterReceiveMultiByteNext             
0000187f  I2C_setSlaveAddress                        
00001893  OPT3001_init                               
000018a9  SysTick_Handler                            
000018a9  SysTick_Handler                            
000018b9  __TI_decompress_none                       
000018c7  delay                                      
000018d5  Reset_Handler                              
000018e1  get_left_motor_count                       
000018ed  get_right_motor_count                      
000018f9  _system_pre_init                           
000018fd  C$$EXIT                                    
000018fd  abort                                      
00001930  i2cConfig                                  
00001978  __TI_Handler_Table_Base                    
00001984  __TI_Handler_Table_Limit                   
00001990  __TI_CINIT_Base                            
000019a0  __TI_CINIT_Limit                           
20000000  ClockFrequency                             
20000004  Prewait                                    
20000008  CPMwait                                    
2000000c  Postwait                                   
20000010  IFlags                                     
20000014  Crystalstable                              
20000018  left_motor_pwm_config                      
20000030  right_motor_pwm_config                     
20000048  tick                                       
2000004c  i                                          
20000050  state                                      
20000051  button_S1_pressed_flag                     
20000052  button_S2_pressed_flag                     
20000054  _lock                                      
20000058  _unlock                                    
2000005c  left_motor_count                           
20000060  right_motor_count                          
20000068  lux                                        
2000006c  mouse                                      
20000070  bump_data                                  
20000071  bump_data0                                 
20000072  bump_data1                                 
20000073  bump_data2                                 
20000074  bump_data3                                 
20000075  bump_data4                                 
20000076  bump_data5                                 
2000fe00  __stack                                    
20010000  __STACK_END                                
4000480c  WDTCTL_SYM                                 
ffffffff  __TI_pprof_out_hndl                        
ffffffff  __TI_prof_data_size                        
ffffffff  __TI_prof_data_start                       
ffffffff  __binit__                                  
ffffffff  __c_args__                                 
ffffffff  binit                                      
UNDEFED   __mpu_init                                 
UNDEFED   _system_post_cinit                         

[156 symbols]
