******************************************************************************
                  TI ARM Linker PC v18.12.2                    
******************************************************************************
>> Linked Thu Nov 14 17:17:12 2019

OUTPUT FILE NAME:   <Lab9.out>
ENTRY POINT SYMBOL: "_c_int00_noargs"  address: 00001499


MEMORY CONFIGURATION

         name            origin    length      used     unused   attr    fill
----------------------  --------  ---------  --------  --------  ----  --------
  MAIN                  00000000   00040000  000017c4  0003e83c  R  X
  INFO                  00200000   00004000  00000000  00004000  R  X
  SRAM_CODE             01000000   00010000  00000267  0000fd99  RW X
  SRAM_DATA             20000000   00010000  00000267  0000fd99  RW  


SEGMENT ALLOCATION MAP

run origin  load origin   length   init length attrs members
----------  ----------- ---------- ----------- ----- -------
00000000    00000000    000017c8   000017c8    r-x
  00000000    00000000    000000e4   000000e4    r-- .intvecs
  000000e4    000000e4    00001654   00001654    r-x .text
  00001738    00001738    00000044   00000044    r-- .const
  00001780    00001780    00000048   00000048    r-- .cinit
20000000    20000000    00000067   00000000    rw-
  20000000    20000000    0000005c   00000000    rw- .data
  2000005c    2000005c    0000000b   00000000    rw- .bss
2000fe00    2000fe00    00000200   00000000    rw-
  2000fe00    2000fe00    00000200   00000000    rw- .stack


SECTION ALLOCATION MAP

 output                                  attributes/
section   page    origin      length       input sections
--------  ----  ----------  ----------   ----------------
.intvecs   0    00000000    000000e4     
                  00000000    000000e4     startup_msp432p401r_ccs.obj (.intvecs:retain)

.text      0    000000e4    00001654     
                  000000e4    00000710     main.obj (.text:main)
                  000007f4    0000017c     Clock.obj (.text:Clock_Init48MHz)
                  00000970    000000d8     HAL_OPT3001.obj (.text:OPT3001_getLux)
                  00000a48    000000b8     main.obj (.text:Initialize_System)
                  00000b00    000000b4     Encoder.obj (.text:encoder_init)
                  00000bb4    000000b0     Bump.obj (.text:Bump_Read)
                  00000c64    000000b0     Motor.obj (.text:motor_init)
                  00000d14    0000009c     rtsv7M4_T_le_v4SPD16_eabi.lib : memcpy_t2.asm.obj (.text)
                  00000db0    00000098     Encoder.obj (.text:PORT5_IRQHandler)
                  00000e48    0000008c     HAL_I2C.obj (.text:I2C_read16)
                  00000ed4    0000008c     Button.obj (.text:button_init)
                  00000f60    00000088     msp432p4xx_driverlib.lib : gpio.o (.text:GPIO_setAsPeripheralModuleFunctionOutputPin)
                  00000fe8    00000078     system_msp432p401r.obj (.text:SystemInit)
                  00001060    0000006c     msp432p4xx_driverlib.lib : i2c.o (.text:I2C_masterSendMultiByteFinish)
                  000010cc    00000068                              : i2c.o (.text:I2C_masterSendMultiByteStart)
                  00001134    00000068     rtsv7M4_T_le_v4SPD16_eabi.lib : copy_decompress_lzss.c.obj (.text:decompress:lzss:__TI_decompress_lzss)
                  0000119c    00000062     msp432p4xx_driverlib.lib : i2c.o (.text:I2C_initMaster)
                  000011fe    00000002     startup_msp432p401r_ccs.obj (.text:Default_Handler)
                  00001200    00000060     Motor.obj (.text:set_left_motor_pwm)
                  00001260    00000060     Motor.obj (.text:set_right_motor_pwm)
                  000012c0    0000005c     Bump.obj (.text:Bump_Init)
                  0000131c    00000048     HAL_I2C.obj (.text:I2C_write16)
                  00001364    00000044     Button.obj (.text:PORT1_IRQHandler)
                  000013a8    00000044     rtsv7M4_T_le_v4SPD16_eabi.lib : autoinit.c.obj (.text:__TI_auto_init_nobinit_nopinit:__TI_auto_init_nobinit_nopinit)
                  000013ec    00000040     msp432p4xx_driverlib.lib : i2c.o (.text:I2C_masterReceiveMultiByteFinish)
                  0000142c    00000038                              : i2c.o (.text:I2C_masterSendMultiByteStop)
                  00001464    00000034                              : i2c.o (.text:I2C_masterSendMultiByteNext)
                  00001498    00000034     rtsv7M4_T_le_v4SPD16_eabi.lib : boot_cortex_m.c.obj (.text:_c_int00_noargs:_c_int00_noargs)
                  000014cc    00000030     Motor.obj (.text:set_left_motor_direction)
                  000014fc    00000030     Motor.obj (.text:set_right_motor_direction)
                  0000152c    0000002c     Clock.obj (.text:Clock_Delay1ms)
                  00001558    00000020     HAL_I2C.obj (.text:I2C_init)
                  00001578    0000001c     msp432p4xx_driverlib.lib : i2c.o (.text:I2C_setMode)
                  00001594    0000001c     HAL_I2C.obj (.text:I2C_setslave)
                  000015b0    0000001c     rtsv7M4_T_le_v4SPD16_eabi.lib : copy_zero_init.c.obj (.text:decompress:ZI:__TI_zero_init_nomemset:__TI_zero_init_nomemset)
                  000015cc    0000001a     msp432p4xx_driverlib.lib : i2c.o (.text:I2C_masterReceiveStart)
                  000015e6    00000018                              : i2c.o (.text:I2C_getInterruptStatus)
                  000015fe    00000002     --HOLE-- [fill = 0]
                  00001600    00000018                              : i2c.o (.text:I2C_isBusBusy)
                  00001618    00000018     HAL_I2C.obj (.text:Init_I2C_GPIO)
                  00001630    00000018     Button.obj (.text:button_S1_pressed)
                  00001648    00000018     Button.obj (.text:button_S2_pressed)
                  00001660    00000016     msp432p4xx_driverlib.lib : i2c.o (.text:I2C_clearInterruptFlag)
                  00001676    00000016                              : i2c.o (.text:I2C_disableModule)
                  0000168c    00000016                              : i2c.o (.text:I2C_enableModule)
                  000016a2    00000014                              : i2c.o (.text:I2C_masterReceiveMultiByteNext)
                  000016b6    00000014                              : i2c.o (.text:I2C_setSlaveAddress)
                  000016ca    00000014     HAL_OPT3001.obj (.text:OPT3001_init)
                  000016de    00000002     --HOLE-- [fill = 0]
                  000016e0    00000010     main.obj (.text:SysTick_Handler)
                  000016f0    0000000e     rtsv7M4_T_le_v4SPD16_eabi.lib : copy_decompress_none.c.obj (.text:decompress:none:__TI_decompress_none)
                  000016fe    0000000e     Clock.obj (.text:delay)
                  0000170c    0000000c     startup_msp432p401r_ccs.obj (.text:Reset_Handler)
                  00001718    0000000c     Encoder.obj (.text:get_left_motor_count)
                  00001724    0000000c     Encoder.obj (.text:get_right_motor_count)
                  00001730    00000004     rtsv7M4_T_le_v4SPD16_eabi.lib : pre_init.c.obj (.text:_system_pre_init)
                  00001734    00000004                                   : exit.c.obj (.text:abort:abort)

.const     0    00001738    00000044     
                  00001738    00000030     msp432p4xx_driverlib.lib : gpio.o (.const:GPIO_PORT_TO_BASE)
                  00001768    00000014     HAL_I2C.obj (.const:i2cConfig)

.cinit     0    00001780    00000048     
                  00001780    00000024     (.cinit..data.load) [load image, compression = lzss]
                  000017a4    0000000c     (__TI_handler_table)
                  000017b0    00000008     (.cinit..bss.load) [load image, compression = zero_init]
                  000017b8    00000010     (__TI_cinit_table)

.init_array 
*          0    00000000    00000000     UNINITIALIZED

.binit     0    00000000    00000000     

.data      0    20000000    0000005c     UNINITIALIZED
                  20000000    00000018     Clock.obj (.data)
                  20000018    00000018     Motor.obj (.data:left_motor_pwm_config)
                  20000030    00000018     Motor.obj (.data:right_motor_pwm_config)
                  20000048    00000009     main.obj (.data)
                  20000051    00000002     Button.obj (.data)
                  20000053    00000001     --HOLE--
                  20000054    00000008     Encoder.obj (.data)

.bss       0    2000005c    0000000b     UNINITIALIZED
                  2000005c    00000004     (.common:lux)
                  20000060    00000001     (.common:bump_data)
                  20000061    00000001     (.common:bump_data0)
                  20000062    00000001     (.common:bump_data1)
                  20000063    00000001     (.common:bump_data2)
                  20000064    00000001     (.common:bump_data3)
                  20000065    00000001     (.common:bump_data4)
                  20000066    00000001     (.common:bump_data5)

.stack     0    2000fe00    00000200     UNINITIALIZED
                  2000fe00    00000004     rtsv7M4_T_le_v4SPD16_eabi.lib : boot_cortex_m.c.obj (.stack)
                  2000fe04    000001fc     --HOLE--

MODULE SUMMARY

       Module                        code   ro data   rw data
       ------                        ----   -------   -------
    .\
       main.obj                      2008   0         40     
       system_msp432p401r.obj        120    0         0      
    +--+-----------------------------+------+---------+---------+
       Total:                        2128   0         40     
                                                             
    .\Library\
       Motor.obj                     464    0         96     
       Clock.obj                     438    0         48     
       Encoder.obj                   356    0         16     
       HAL_I2C.obj                   296    20        0      
       Bump.obj                      268    0         0      
       Button.obj                    256    0         4      
       HAL_OPT3001.obj               236    0         0      
    +--+-----------------------------+------+---------+---------+
       Total:                        2314   20        164    
                                                             
    .\ccs\
       startup_msp432p401r_ccs.obj   14     228       0      
    +--+-----------------------------+------+---------+---------+
       Total:                        14     228       0      
                                                             
    C:/ti/simplelink_msp432p4_sdk_3_30_00_13/source/ti/devices/msp432p4xx/driverlib/ccs/msp432p4xx_driverlib.lib
       i2c.o                         690    0         0      
       gpio.o                        136    48        0      
    +--+-----------------------------+------+---------+---------+
       Total:                        826    48        0      
                                                             
    C:\ti\ccs910\ccs\tools\compiler\ti-cgt-arm_18.12.2.LTS\lib\rtsv7M4_T_le_v4SPD16_eabi.lib
       memcpy_t2.asm.obj             156    0         0      
       copy_decompress_lzss.c.obj    104    0         0      
       autoinit.c.obj                68     0         0      
       boot_cortex_m.c.obj           52     0         0      
       copy_zero_init.c.obj          28     0         0      
       copy_decompress_none.c.obj    14     0         0      
       exit.c.obj                    4      0         0      
       pre_init.c.obj                4      0         0      
    +--+-----------------------------+------+---------+---------+
       Total:                        430    0         0      
                                                             
       Stack:                        0      0         1024   
       Linker Generated:             0      72        0      
    +--+-----------------------------+------+---------+---------+
       Grand Total:                  5712   368       1228   


LINKER GENERATED COPY TABLES

__TI_cinit_table @ 000017b8 records: 2, size/record: 8, table size: 16
	.data: load addr=00001780, load size=00000024 bytes, run addr=20000000, run size=0000005c bytes, compression=lzss
	.bss: load addr=000017b0, load size=00000008 bytes, run addr=2000005c, run size=0000000b bytes, compression=zero_init


LINKER GENERATED HANDLER TABLE

__TI_handler_table @ 000017a4 records: 3, size/record: 4, table size: 12
	index: 0, handler: __TI_decompress_lzss
	index: 1, handler: __TI_decompress_none
	index: 2, handler: __TI_zero_init


GLOBAL SYMBOLS: SORTED ALPHABETICALLY BY Name 

address   name                                       
-------   ----                                       
000011ff  ADC14_IRQHandler                           
000011ff  AES256_IRQHandler                          
000012c1  Bump_Init                                  
00000bb5  Bump_Read                                  
000011ff  BusFault_Handler                           
00001735  C$$EXIT                                    
000011ff  COMP_E0_IRQHandler                         
000011ff  COMP_E1_IRQHandler                         
20000008  CPMwait                                    
000011ff  CS_IRQHandler                              
20000000  ClockFrequency                             
0000152d  Clock_Delay1ms                             
000007f5  Clock_Init48MHz                            
20000014  Crystalstable                              
000011ff  DMA_ERR_IRQHandler                         
000011ff  DMA_INT0_IRQHandler                        
000011ff  DMA_INT1_IRQHandler                        
000011ff  DMA_INT2_IRQHandler                        
000011ff  DMA_INT3_IRQHandler                        
000011ff  DebugMon_Handler                           
000011ff  Default_Handler                            
000011ff  EUSCIA0_IRQHandler                         
000011ff  EUSCIA1_IRQHandler                         
000011ff  EUSCIA2_IRQHandler                         
000011ff  EUSCIA3_IRQHandler                         
000011ff  EUSCIB0_IRQHandler                         
000011ff  EUSCIB1_IRQHandler                         
000011ff  EUSCIB2_IRQHandler                         
000011ff  EUSCIB3_IRQHandler                         
000011ff  FLCTL_IRQHandler                           
000011ff  FPU_IRQHandler                             
00000f61  GPIO_setAsPeripheralModuleFunctionOutputPin
000011ff  HardFault_Handler                          
00001661  I2C_clearInterruptFlag                     
00001677  I2C_disableModule                          
0000168d  I2C_enableModule                           
000015e7  I2C_getInterruptStatus                     
00001559  I2C_init                                   
0000119d  I2C_initMaster                             
00001601  I2C_isBusBusy                              
000013ed  I2C_masterReceiveMultiByteFinish           
000016a3  I2C_masterReceiveMultiByteNext             
000015cd  I2C_masterReceiveStart                     
00001061  I2C_masterSendMultiByteFinish              
00001465  I2C_masterSendMultiByteNext                
000010cd  I2C_masterSendMultiByteStart               
0000142d  I2C_masterSendMultiByteStop                
00000e49  I2C_read16                                 
00001579  I2C_setMode                                
000016b7  I2C_setSlaveAddress                        
00001595  I2C_setslave                               
0000131d  I2C_write16                                
20000010  IFlags                                     
00001619  Init_I2C_GPIO                              
00000a49  Initialize_System                          
000011ff  MemManage_Handler                          
000011ff  NMI_Handler                                
00000971  OPT3001_getLux                             
000016cb  OPT3001_init                               
000011ff  PCM_IRQHandler                             
00001365  PORT1_IRQHandler                           
00001365  PORT1_IRQHandler                           
000011ff  PORT2_IRQHandler                           
000011ff  PORT3_IRQHandler                           
000011ff  PORT4_IRQHandler                           
00000db1  PORT5_IRQHandler                           
00000db1  PORT5_IRQHandler                           
000011ff  PORT6_IRQHandler                           
000011ff  PSS_IRQHandler                             
000011ff  PendSV_Handler                             
2000000c  Postwait                                   
20000004  Prewait                                    
000011ff  RTC_C_IRQHandler                           
0000170d  Reset_Handler                              
000011ff  SVC_Handler                                
000016e1  SysTick_Handler                            
000016e1  SysTick_Handler                            
00000fe9  SystemInit                                 
000011ff  T32_INT1_IRQHandler                        
000011ff  T32_INT2_IRQHandler                        
000011ff  T32_INTC_IRQHandler                        
000011ff  TA0_0_IRQHandler                           
000011ff  TA0_N_IRQHandler                           
000011ff  TA1_0_IRQHandler                           
000011ff  TA1_N_IRQHandler                           
000011ff  TA2_0_IRQHandler                           
000011ff  TA2_N_IRQHandler                           
000011ff  TA3_0_IRQHandler                           
000011ff  TA3_N_IRQHandler                           
000011ff  UsageFault_Handler                         
4000480c  WDTCTL_SYM                                 
000011ff  WDT_A_IRQHandler                           
20010000  __STACK_END                                
00000200  __STACK_SIZE                               
000017b8  __TI_CINIT_Base                            
000017c8  __TI_CINIT_Limit                           
000017a4  __TI_Handler_Table_Base                    
000017b0  __TI_Handler_Table_Limit                   
000013a9  __TI_auto_init_nobinit_nopinit             
00001135  __TI_decompress_lzss                       
000016f1  __TI_decompress_none                       
ffffffff  __TI_pprof_out_hndl                        
ffffffff  __TI_prof_data_size                        
ffffffff  __TI_prof_data_start                       
00000000  __TI_static_base__                         
000015b1  __TI_zero_init_nomemset                    
00000d15  __aeabi_memcpy                             
00000d15  __aeabi_memcpy4                            
00000d15  __aeabi_memcpy8                            
ffffffff  __binit__                                  
ffffffff  __c_args__                                 
UNDEFED   __mpu_init                                 
2000fe00  __stack                                    
00001499  _c_int00_noargs                            
UNDEFED   _system_post_cinit                         
00001731  _system_pre_init                           
00001735  abort                                      
ffffffff  binit                                      
20000060  bump_data                                  
20000061  bump_data0                                 
20000062  bump_data1                                 
20000063  bump_data2                                 
20000064  bump_data3                                 
20000065  bump_data4                                 
20000066  bump_data5                                 
00001631  button_S1_pressed                          
20000051  button_S1_pressed_flag                     
00001649  button_S2_pressed                          
20000052  button_S2_pressed_flag                     
00000ed5  button_init                                
000016ff  delay                                      
00000b01  encoder_init                               
00001719  get_left_motor_count                       
00001725  get_right_motor_count                      
2000004c  i                                          
00001768  i2cConfig                                  
00000000  interruptVectors                           
20000054  left_motor_count                           
20000018  left_motor_pwm_config                      
2000005c  lux                                        
000000e5  main                                       
00000d15  memcpy                                     
00000c65  motor_init                                 
20000058  right_motor_count                          
20000030  right_motor_pwm_config                     
000014cd  set_left_motor_direction                   
00001201  set_left_motor_pwm                         
000014fd  set_right_motor_direction                  
00001261  set_right_motor_pwm                        
20000050  state                                      
20000048  tick                                       


GLOBAL SYMBOLS: SORTED BY Symbol Address 

address   name                                       
-------   ----                                       
00000000  __TI_static_base__                         
00000000  interruptVectors                           
000000e5  main                                       
00000200  __STACK_SIZE                               
000007f5  Clock_Init48MHz                            
00000971  OPT3001_getLux                             
00000a49  Initialize_System                          
00000b01  encoder_init                               
00000bb5  Bump_Read                                  
00000c65  motor_init                                 
00000d15  __aeabi_memcpy                             
00000d15  __aeabi_memcpy4                            
00000d15  __aeabi_memcpy8                            
00000d15  memcpy                                     
00000db1  PORT5_IRQHandler                           
00000db1  PORT5_IRQHandler                           
00000e49  I2C_read16                                 
00000ed5  button_init                                
00000f61  GPIO_setAsPeripheralModuleFunctionOutputPin
00000fe9  SystemInit                                 
00001061  I2C_masterSendMultiByteFinish              
000010cd  I2C_masterSendMultiByteStart               
00001135  __TI_decompress_lzss                       
0000119d  I2C_initMaster                             
000011ff  ADC14_IRQHandler                           
000011ff  AES256_IRQHandler                          
000011ff  BusFault_Handler                           
000011ff  COMP_E0_IRQHandler                         
000011ff  COMP_E1_IRQHandler                         
000011ff  CS_IRQHandler                              
000011ff  DMA_ERR_IRQHandler                         
000011ff  DMA_INT0_IRQHandler                        
000011ff  DMA_INT1_IRQHandler                        
000011ff  DMA_INT2_IRQHandler                        
000011ff  DMA_INT3_IRQHandler                        
000011ff  DebugMon_Handler                           
000011ff  Default_Handler                            
000011ff  EUSCIA0_IRQHandler                         
000011ff  EUSCIA1_IRQHandler                         
000011ff  EUSCIA2_IRQHandler                         
000011ff  EUSCIA3_IRQHandler                         
000011ff  EUSCIB0_IRQHandler                         
000011ff  EUSCIB1_IRQHandler                         
000011ff  EUSCIB2_IRQHandler                         
000011ff  EUSCIB3_IRQHandler                         
000011ff  FLCTL_IRQHandler                           
000011ff  FPU_IRQHandler                             
000011ff  HardFault_Handler                          
000011ff  MemManage_Handler                          
000011ff  NMI_Handler                                
000011ff  PCM_IRQHandler                             
000011ff  PORT2_IRQHandler                           
000011ff  PORT3_IRQHandler                           
000011ff  PORT4_IRQHandler                           
000011ff  PORT6_IRQHandler                           
000011ff  PSS_IRQHandler                             
000011ff  PendSV_Handler                             
000011ff  RTC_C_IRQHandler                           
000011ff  SVC_Handler                                
000011ff  T32_INT1_IRQHandler                        
000011ff  T32_INT2_IRQHandler                        
000011ff  T32_INTC_IRQHandler                        
000011ff  TA0_0_IRQHandler                           
000011ff  TA0_N_IRQHandler                           
000011ff  TA1_0_IRQHandler                           
000011ff  TA1_N_IRQHandler                           
000011ff  TA2_0_IRQHandler                           
000011ff  TA2_N_IRQHandler                           
000011ff  TA3_0_IRQHandler                           
000011ff  TA3_N_IRQHandler                           
000011ff  UsageFault_Handler                         
000011ff  WDT_A_IRQHandler                           
00001201  set_left_motor_pwm                         
00001261  set_right_motor_pwm                        
000012c1  Bump_Init                                  
0000131d  I2C_write16                                
00001365  PORT1_IRQHandler                           
00001365  PORT1_IRQHandler                           
000013a9  __TI_auto_init_nobinit_nopinit             
000013ed  I2C_masterReceiveMultiByteFinish           
0000142d  I2C_masterSendMultiByteStop                
00001465  I2C_masterSendMultiByteNext                
00001499  _c_int00_noargs                            
000014cd  set_left_motor_direction                   
000014fd  set_right_motor_direction                  
0000152d  Clock_Delay1ms                             
00001559  I2C_init                                   
00001579  I2C_setMode                                
00001595  I2C_setslave                               
000015b1  __TI_zero_init_nomemset                    
000015cd  I2C_masterReceiveStart                     
000015e7  I2C_getInterruptStatus                     
00001601  I2C_isBusBusy                              
00001619  Init_I2C_GPIO                              
00001631  button_S1_pressed                          
00001649  button_S2_pressed                          
00001661  I2C_clearInterruptFlag                     
00001677  I2C_disableModule                          
0000168d  I2C_enableModule                           
000016a3  I2C_masterReceiveMultiByteNext             
000016b7  I2C_setSlaveAddress                        
000016cb  OPT3001_init                               
000016e1  SysTick_Handler                            
000016e1  SysTick_Handler                            
000016f1  __TI_decompress_none                       
000016ff  delay                                      
0000170d  Reset_Handler                              
00001719  get_left_motor_count                       
00001725  get_right_motor_count                      
00001731  _system_pre_init                           
00001735  C$$EXIT                                    
00001735  abort                                      
00001768  i2cConfig                                  
000017a4  __TI_Handler_Table_Base                    
000017b0  __TI_Handler_Table_Limit                   
000017b8  __TI_CINIT_Base                            
000017c8  __TI_CINIT_Limit                           
20000000  ClockFrequency                             
20000004  Prewait                                    
20000008  CPMwait                                    
2000000c  Postwait                                   
20000010  IFlags                                     
20000014  Crystalstable                              
20000018  left_motor_pwm_config                      
20000030  right_motor_pwm_config                     
20000048  tick                                       
2000004c  i                                          
20000050  state                                      
20000051  button_S1_pressed_flag                     
20000052  button_S2_pressed_flag                     
20000054  left_motor_count                           
20000058  right_motor_count                          
2000005c  lux                                        
20000060  bump_data                                  
20000061  bump_data0                                 
20000062  bump_data1                                 
20000063  bump_data2                                 
20000064  bump_data3                                 
20000065  bump_data4                                 
20000066  bump_data5                                 
2000fe00  __stack                                    
20010000  __STACK_END                                
4000480c  WDTCTL_SYM                                 
ffffffff  __TI_pprof_out_hndl                        
ffffffff  __TI_prof_data_size                        
ffffffff  __TI_prof_data_start                       
ffffffff  __binit__                                  
ffffffff  __c_args__                                 
ffffffff  binit                                      
UNDEFED   __mpu_init                                 
UNDEFED   _system_post_cinit                         

[151 symbols]
