<?xml version="1.0" encoding="ISO-8859-1" ?>
<link_info>
   <banner>TI ARM Linker PC v18.12.2.LTS</banner>
   <copyright>Copyright (c) 1996-2018 Texas Instruments Incorporated</copyright>
   <link_time>0x5dcef619</link_time>
   <link_errors>0x0</link_errors>
   <output_file>Lab9 bumble.out</output_file>
   <entry_point>
      <name>_c_int00_noargs</name>
      <address>0x162d</address>
   </entry_point>
   <input_file_list>
      <input_file id="fl-2">
         <path>.\</path>
         <kind>object</kind>
         <file>main.obj</file>
         <name>main.obj</name>
      </input_file>
      <input_file id="fl-3">
         <path>.\</path>
         <kind>object</kind>
         <file>system_msp432p401r.obj</file>
         <name>system_msp432p401r.obj</name>
      </input_file>
      <input_file id="fl-4">
         <path>.\Library\</path>
         <kind>object</kind>
         <file>Bump.obj</file>
         <name>Bump.obj</name>
      </input_file>
      <input_file id="fl-5">
         <path>.\Library\</path>
         <kind>object</kind>
         <file>Button.obj</file>
         <name>Button.obj</name>
      </input_file>
      <input_file id="fl-6">
         <path>.\Library\</path>
         <kind>object</kind>
         <file>Clock.obj</file>
         <name>Clock.obj</name>
      </input_file>
      <input_file id="fl-7">
         <path>.\Library\</path>
         <kind>object</kind>
         <file>Encoder.obj</file>
         <name>Encoder.obj</name>
      </input_file>
      <input_file id="fl-8">
         <path>.\Library\</path>
         <kind>object</kind>
         <file>HAL_I2C.obj</file>
         <name>HAL_I2C.obj</name>
      </input_file>
      <input_file id="fl-9">
         <path>.\Library\</path>
         <kind>object</kind>
         <file>HAL_OPT3001.obj</file>
         <name>HAL_OPT3001.obj</name>
      </input_file>
      <input_file id="fl-a">
         <path>.\Library\</path>
         <kind>object</kind>
         <file>Motor.obj</file>
         <name>Motor.obj</name>
      </input_file>
      <input_file id="fl-b">
         <path>.\Library\</path>
         <kind>object</kind>
         <file>Reflectance.obj</file>
         <name>Reflectance.obj</name>
      </input_file>
      <input_file id="fl-c">
         <path>.\ccs\</path>
         <kind>object</kind>
         <file>startup_msp432p401r_ccs.obj</file>
         <name>startup_msp432p401r_ccs.obj</name>
      </input_file>
      <input_file id="fl-16">
         <kind>object</kind>
         <file>&lt;internal&gt;</file>
         <name>&lt;internal&gt;</name>
      </input_file>
      <input_file id="fl-17">
         <path>C:\ti\simplelink_msp432p4_sdk_3_30_00_13\source\ti\devices\msp432p4xx\driverlib\ccs\</path>
         <kind>archive</kind>
         <file>msp432p4xx_driverlib.lib</file>
         <name>gpio.o</name>
      </input_file>
      <input_file id="fl-18">
         <path>C:\ti\simplelink_msp432p4_sdk_3_30_00_13\source\ti\devices\msp432p4xx\driverlib\ccs\</path>
         <kind>archive</kind>
         <file>msp432p4xx_driverlib.lib</file>
         <name>i2c.o</name>
      </input_file>
      <input_file id="fl-19">
         <path>C:\ti\simplelink_msp432p4_sdk_3_30_00_13\source\ti\devices\msp432p4xx\driverlib\ccs\</path>
         <kind>archive</kind>
         <file>msp432p4xx_driverlib.lib</file>
         <name>interrupt.o</name>
      </input_file>
      <input_file id="fl-1a">
         <path>C:\ti\simplelink_msp432p4_sdk_3_30_00_13\source\ti\devices\msp432p4xx\driverlib\ccs\</path>
         <kind>archive</kind>
         <file>msp432p4xx_driverlib.lib</file>
         <name>cpu.o</name>
      </input_file>
      <input_file id="fl-d0">
         <path>C:\ti\ccs910\ccs\tools\compiler\ti-cgt-arm_18.12.2.LTS\lib\</path>
         <kind>archive</kind>
         <file>rtsv7M4_T_le_v4SPD16_eabi.lib</file>
         <name>fd_cmp_t2.asm.obj</name>
      </input_file>
      <input_file id="fl-d1">
         <path>C:\ti\ccs910\ccs\tools\compiler\ti-cgt-arm_18.12.2.LTS\lib\</path>
         <kind>archive</kind>
         <file>rtsv7M4_T_le_v4SPD16_eabi.lib</file>
         <name>fd_div_t2.asm.obj</name>
      </input_file>
      <input_file id="fl-d2">
         <path>C:\ti\ccs910\ccs\tools\compiler\ti-cgt-arm_18.12.2.LTS\lib\</path>
         <kind>archive</kind>
         <file>rtsv7M4_T_le_v4SPD16_eabi.lib</file>
         <name>fd_toi_t2.asm.obj</name>
      </input_file>
      <input_file id="fl-d3">
         <path>C:\ti\ccs910\ccs\tools\compiler\ti-cgt-arm_18.12.2.LTS\lib\</path>
         <kind>archive</kind>
         <file>rtsv7M4_T_le_v4SPD16_eabi.lib</file>
         <name>fd_tos_t2.asm.obj</name>
      </input_file>
      <input_file id="fl-d4">
         <path>C:\ti\ccs910\ccs\tools\compiler\ti-cgt-arm_18.12.2.LTS\lib\</path>
         <kind>archive</kind>
         <file>rtsv7M4_T_le_v4SPD16_eabi.lib</file>
         <name>fs_tod_t2.asm.obj</name>
      </input_file>
      <input_file id="fl-d5">
         <path>C:\ti\ccs910\ccs\tools\compiler\ti-cgt-arm_18.12.2.LTS\lib\</path>
         <kind>archive</kind>
         <file>rtsv7M4_T_le_v4SPD16_eabi.lib</file>
         <name>i_tofd_t2.asm.obj</name>
      </input_file>
      <input_file id="fl-d6">
         <path>C:\ti\ccs910\ccs\tools\compiler\ti-cgt-arm_18.12.2.LTS\lib\</path>
         <kind>archive</kind>
         <file>rtsv7M4_T_le_v4SPD16_eabi.lib</file>
         <name>copy_zero_init.c.obj</name>
      </input_file>
      <input_file id="fl-d7">
         <path>C:\ti\ccs910\ccs\tools\compiler\ti-cgt-arm_18.12.2.LTS\lib\</path>
         <kind>archive</kind>
         <file>rtsv7M4_T_le_v4SPD16_eabi.lib</file>
         <name>copy_decompress_none.c.obj</name>
      </input_file>
      <input_file id="fl-d8">
         <path>C:\ti\ccs910\ccs\tools\compiler\ti-cgt-arm_18.12.2.LTS\lib\</path>
         <kind>archive</kind>
         <file>rtsv7M4_T_le_v4SPD16_eabi.lib</file>
         <name>copy_decompress_lzss.c.obj</name>
      </input_file>
      <input_file id="fl-d9">
         <path>C:\ti\ccs910\ccs\tools\compiler\ti-cgt-arm_18.12.2.LTS\lib\</path>
         <kind>archive</kind>
         <file>rtsv7M4_T_le_v4SPD16_eabi.lib</file>
         <name>rand.c.obj</name>
      </input_file>
      <input_file id="fl-da">
         <path>C:\ti\ccs910\ccs\tools\compiler\ti-cgt-arm_18.12.2.LTS\lib\</path>
         <kind>archive</kind>
         <file>rtsv7M4_T_le_v4SPD16_eabi.lib</file>
         <name>boot_cortex_m.c.obj</name>
      </input_file>
      <input_file id="fl-db">
         <path>C:\ti\ccs910\ccs\tools\compiler\ti-cgt-arm_18.12.2.LTS\lib\</path>
         <kind>archive</kind>
         <file>rtsv7M4_T_le_v4SPD16_eabi.lib</file>
         <name>memset_t2.asm.obj</name>
      </input_file>
      <input_file id="fl-dc">
         <path>C:\ti\ccs910\ccs\tools\compiler\ti-cgt-arm_18.12.2.LTS\lib\</path>
         <kind>archive</kind>
         <file>rtsv7M4_T_le_v4SPD16_eabi.lib</file>
         <name>memcpy_t2.asm.obj</name>
      </input_file>
      <input_file id="fl-dd">
         <path>C:\ti\ccs910\ccs\tools\compiler\ti-cgt-arm_18.12.2.LTS\lib\</path>
         <kind>archive</kind>
         <file>rtsv7M4_T_le_v4SPD16_eabi.lib</file>
         <name>autoinit.c.obj</name>
      </input_file>
      <input_file id="fl-de">
         <path>C:\ti\ccs910\ccs\tools\compiler\ti-cgt-arm_18.12.2.LTS\lib\</path>
         <kind>archive</kind>
         <file>rtsv7M4_T_le_v4SPD16_eabi.lib</file>
         <name>pre_init.c.obj</name>
      </input_file>
      <input_file id="fl-df">
         <path>C:\ti\ccs910\ccs\tools\compiler\ti-cgt-arm_18.12.2.LTS\lib\</path>
         <kind>archive</kind>
         <file>rtsv7M4_T_le_v4SPD16_eabi.lib</file>
         <name>cpy_tbl.c.obj</name>
      </input_file>
      <input_file id="fl-e0">
         <path>C:\ti\ccs910\ccs\tools\compiler\ti-cgt-arm_18.12.2.LTS\lib\</path>
         <kind>archive</kind>
         <file>rtsv7M4_T_le_v4SPD16_eabi.lib</file>
         <name>exit.c.obj</name>
      </input_file>
      <input_file id="fl-e1">
         <path>C:\ti\ccs910\ccs\tools\compiler\ti-cgt-arm_18.12.2.LTS\lib\</path>
         <kind>archive</kind>
         <file>rtsv7M4_T_le_v4SPD16_eabi.lib</file>
         <name>_lock.c.obj</name>
      </input_file>
      <input_file id="fl-e2">
         <path>C:\ti\ccs910\ccs\tools\compiler\ti-cgt-arm_18.12.2.LTS\lib\</path>
         <kind>archive</kind>
         <file>rtsv7M4_T_le_v4SPD16_eabi.lib</file>
         <name>args_main.c.obj</name>
      </input_file>
   </input_file_list>
   <object_component_list>
      <object_component id="oc-23">
         <name>.intvecs:retain</name>
         <load_address>0x0</load_address>
         <run_address>0x0</run_address>
         <size>0xe4</size>
         <input_file_ref idref="fl-c"/>
      </object_component>
      <object_component id="oc-a8">
         <name>.text:main</name>
         <load_address>0xe4</load_address>
         <run_address>0xe4</run_address>
         <size>0x8a4</size>
         <input_file_ref idref="fl-2"/>
      </object_component>
      <object_component id="oc-198">
         <name>.text:Clock_Init48MHz</name>
         <load_address>0x988</load_address>
         <run_address>0x988</run_address>
         <size>0x17c</size>
         <input_file_ref idref="fl-6"/>
      </object_component>
      <object_component id="oc-102">
         <name>.text:OPT3001_getLux</name>
         <load_address>0xb04</load_address>
         <run_address>0xb04</run_address>
         <size>0xd8</size>
         <input_file_ref idref="fl-9"/>
      </object_component>
      <object_component id="oc-ea">
         <name>.text:Initialize_System</name>
         <load_address>0xbdc</load_address>
         <run_address>0xbdc</run_address>
         <size>0xb8</size>
         <input_file_ref idref="fl-2"/>
      </object_component>
      <object_component id="oc-1aa">
         <name>.text:encoder_init</name>
         <load_address>0xc94</load_address>
         <run_address>0xc94</run_address>
         <size>0xb4</size>
         <input_file_ref idref="fl-7"/>
      </object_component>
      <object_component id="oc-fc">
         <name>.text:Bump_Read</name>
         <load_address>0xd48</load_address>
         <run_address>0xd48</run_address>
         <size>0xb0</size>
         <input_file_ref idref="fl-4"/>
      </object_component>
      <object_component id="oc-1a4">
         <name>.text:motor_init</name>
         <load_address>0xdf8</load_address>
         <run_address>0xdf8</run_address>
         <size>0xb0</size>
         <input_file_ref idref="fl-a"/>
      </object_component>
      <object_component id="oc-34">
         <name>.text</name>
         <load_address>0xea8</load_address>
         <run_address>0xea8</run_address>
         <size>0x9c</size>
         <input_file_ref idref="fl-dc"/>
      </object_component>
      <object_component id="oc-7c">
         <name>.text:PORT5_IRQHandler</name>
         <load_address>0xf44</load_address>
         <run_address>0xf44</run_address>
         <size>0x98</size>
         <input_file_ref idref="fl-7"/>
      </object_component>
      <object_component id="oc-1d8">
         <name>.text:I2C_read16</name>
         <load_address>0xfdc</load_address>
         <run_address>0xfdc</run_address>
         <size>0x8c</size>
         <input_file_ref idref="fl-8"/>
      </object_component>
      <object_component id="oc-1b0">
         <name>.text:button_init</name>
         <load_address>0x1068</load_address>
         <run_address>0x1068</run_address>
         <size>0x8c</size>
         <input_file_ref idref="fl-5"/>
      </object_component>
      <object_component id="oc-224">
         <name>.text:GPIO_setAsPeripheralModuleFunctionOutputPin</name>
         <load_address>0x10f4</load_address>
         <run_address>0x10f4</run_address>
         <size>0x88</size>
         <input_file_ref idref="fl-17"/>
      </object_component>
      <object_component id="oc-ba">
         <name>.text:SystemInit</name>
         <load_address>0x117c</load_address>
         <run_address>0x117c</run_address>
         <size>0x78</size>
         <input_file_ref idref="fl-3"/>
      </object_component>
      <object_component id="oc-2cb">
         <name>.text:I2C_masterSendMultiByteFinish</name>
         <load_address>0x11f4</load_address>
         <run_address>0x11f4</run_address>
         <size>0x6c</size>
         <input_file_ref idref="fl-18"/>
      </object_component>
      <object_component id="oc-26a">
         <name>.text:I2C_masterSendMultiByteStart</name>
         <load_address>0x1260</load_address>
         <run_address>0x1260</run_address>
         <size>0x68</size>
         <input_file_ref idref="fl-18"/>
      </object_component>
      <object_component id="oc-14">
         <name>.text:decompress:lzss:__TI_decompress_lzss</name>
         <load_address>0x12c8</load_address>
         <run_address>0x12c8</run_address>
         <size>0x68</size>
         <input_file_ref idref="fl-d8"/>
      </object_component>
      <object_component id="oc-22b">
         <name>.text:I2C_initMaster</name>
         <load_address>0x1330</load_address>
         <run_address>0x1330</run_address>
         <size>0x62</size>
         <input_file_ref idref="fl-18"/>
      </object_component>
      <object_component id="oc-6a">
         <name>.text:Default_Handler</name>
         <load_address>0x1392</load_address>
         <run_address>0x1392</run_address>
         <size>0x2</size>
         <input_file_ref idref="fl-c"/>
      </object_component>
      <object_component id="oc-f0">
         <name>.text:set_left_motor_pwm</name>
         <load_address>0x1394</load_address>
         <run_address>0x1394</run_address>
         <size>0x60</size>
         <input_file_ref idref="fl-a"/>
      </object_component>
      <object_component id="oc-f6">
         <name>.text:set_right_motor_pwm</name>
         <load_address>0x13f4</load_address>
         <run_address>0x13f4</run_address>
         <size>0x60</size>
         <input_file_ref idref="fl-a"/>
      </object_component>
      <object_component id="oc-19e">
         <name>.text:Bump_Init</name>
         <load_address>0x1454</load_address>
         <run_address>0x1454</run_address>
         <size>0x5c</size>
         <input_file_ref idref="fl-4"/>
      </object_component>
      <object_component id="oc-241">
         <name>.text:I2C_write16</name>
         <load_address>0x14b0</load_address>
         <run_address>0x14b0</run_address>
         <size>0x48</size>
         <input_file_ref idref="fl-8"/>
      </object_component>
      <object_component id="oc-76">
         <name>.text:PORT1_IRQHandler</name>
         <load_address>0x14f8</load_address>
         <run_address>0x14f8</run_address>
         <size>0x44</size>
         <input_file_ref idref="fl-5"/>
      </object_component>
      <object_component id="oc-155">
         <name>.text:__TI_auto_init_nobinit_nopinit:__TI_auto_init_nobinit_nopinit</name>
         <load_address>0x153c</load_address>
         <run_address>0x153c</run_address>
         <size>0x44</size>
         <input_file_ref idref="fl-dd"/>
      </object_component>
      <object_component id="oc-288">
         <name>.text:I2C_masterReceiveMultiByteFinish</name>
         <load_address>0x1580</load_address>
         <run_address>0x1580</run_address>
         <size>0x40</size>
         <input_file_ref idref="fl-18"/>
      </object_component>
      <object_component id="oc-276">
         <name>.text:I2C_masterSendMultiByteStop</name>
         <load_address>0x15c0</load_address>
         <run_address>0x15c0</run_address>
         <size>0x38</size>
         <input_file_ref idref="fl-18"/>
      </object_component>
      <object_component id="oc-2c5">
         <name>.text:I2C_masterSendMultiByteNext</name>
         <load_address>0x15f8</load_address>
         <run_address>0x15f8</run_address>
         <size>0x34</size>
         <input_file_ref idref="fl-18"/>
      </object_component>
      <object_component id="oc-52">
         <name>.text:_c_int00_noargs:_c_int00_noargs</name>
         <load_address>0x162c</load_address>
         <run_address>0x162c</run_address>
         <size>0x34</size>
         <input_file_ref idref="fl-da"/>
      </object_component>
      <object_component id="oc-12c">
         <name>.text:rand</name>
         <load_address>0x1660</load_address>
         <run_address>0x1660</run_address>
         <size>0x34</size>
         <input_file_ref idref="fl-d9"/>
      </object_component>
      <object_component id="oc-120">
         <name>.text:set_left_motor_direction</name>
         <load_address>0x1694</load_address>
         <run_address>0x1694</run_address>
         <size>0x30</size>
         <input_file_ref idref="fl-a"/>
      </object_component>
      <object_component id="oc-126">
         <name>.text:set_right_motor_direction</name>
         <load_address>0x16c4</load_address>
         <run_address>0x16c4</run_address>
         <size>0x30</size>
         <input_file_ref idref="fl-a"/>
      </object_component>
      <object_component id="oc-13d">
         <name>.text:Clock_Delay1ms</name>
         <load_address>0x16f4</load_address>
         <run_address>0x16f4</run_address>
         <size>0x2c</size>
         <input_file_ref idref="fl-6"/>
      </object_component>
      <object_component id="oc-1bc">
         <name>.text:I2C_init</name>
         <load_address>0x1720</load_address>
         <run_address>0x1720</run_address>
         <size>0x20</size>
         <input_file_ref idref="fl-8"/>
      </object_component>
      <object_component id="oc-25e">
         <name>.text:I2C_setMode</name>
         <load_address>0x1740</load_address>
         <run_address>0x1740</run_address>
         <size>0x1c</size>
         <input_file_ref idref="fl-18"/>
      </object_component>
      <object_component id="oc-1d2">
         <name>.text:I2C_setslave</name>
         <load_address>0x175c</load_address>
         <run_address>0x175c</run_address>
         <size>0x1c</size>
         <input_file_ref idref="fl-8"/>
      </object_component>
      <object_component id="oc-40">
         <name>.text:decompress:ZI:__TI_zero_init_nomemset:__TI_zero_init_nomemset</name>
         <load_address>0x1778</load_address>
         <run_address>0x1778</run_address>
         <size>0x1c</size>
         <input_file_ref idref="fl-d6"/>
      </object_component>
      <object_component id="oc-27c">
         <name>.text:I2C_masterReceiveStart</name>
         <load_address>0x1794</load_address>
         <run_address>0x1794</run_address>
         <size>0x1a</size>
         <input_file_ref idref="fl-18"/>
      </object_component>
      <object_component id="oc-270">
         <name>.text:I2C_getInterruptStatus</name>
         <load_address>0x17ae</load_address>
         <run_address>0x17ae</run_address>
         <size>0x18</size>
         <input_file_ref idref="fl-18"/>
      </object_component>
      <object_component id="oc-28f">
         <name>.text:_nop</name>
         <load_address>0x17c6</load_address>
         <run_address>0x17c6</run_address>
         <size>0x2</size>
         <input_file_ref idref="fl-e1"/>
      </object_component>
      <object_component id="oc-264">
         <name>.text:I2C_isBusBusy</name>
         <load_address>0x17c8</load_address>
         <run_address>0x17c8</run_address>
         <size>0x18</size>
         <input_file_ref idref="fl-18"/>
      </object_component>
      <object_component id="oc-1b6">
         <name>.text:Init_I2C_GPIO</name>
         <load_address>0x17e0</load_address>
         <run_address>0x17e0</run_address>
         <size>0x18</size>
         <input_file_ref idref="fl-8"/>
      </object_component>
      <object_component id="oc-10e">
         <name>.text:button_S1_pressed</name>
         <load_address>0x17f8</load_address>
         <run_address>0x17f8</run_address>
         <size>0x18</size>
         <input_file_ref idref="fl-5"/>
      </object_component>
      <object_component id="oc-108">
         <name>.text:button_S2_pressed</name>
         <load_address>0x1810</load_address>
         <run_address>0x1810</run_address>
         <size>0x18</size>
         <input_file_ref idref="fl-5"/>
      </object_component>
      <object_component id="oc-257">
         <name>.text:I2C_clearInterruptFlag</name>
         <load_address>0x1828</load_address>
         <run_address>0x1828</run_address>
         <size>0x16</size>
         <input_file_ref idref="fl-18"/>
      </object_component>
      <object_component id="oc-231">
         <name>.text:I2C_disableModule</name>
         <load_address>0x183e</load_address>
         <run_address>0x183e</run_address>
         <size>0x16</size>
         <input_file_ref idref="fl-18"/>
      </object_component>
      <object_component id="oc-237">
         <name>.text:I2C_enableModule</name>
         <load_address>0x1854</load_address>
         <run_address>0x1854</run_address>
         <size>0x16</size>
         <input_file_ref idref="fl-18"/>
      </object_component>
      <object_component id="oc-282">
         <name>.text:I2C_masterReceiveMultiByteNext</name>
         <load_address>0x186a</load_address>
         <run_address>0x186a</run_address>
         <size>0x14</size>
         <input_file_ref idref="fl-18"/>
      </object_component>
      <object_component id="oc-251">
         <name>.text:I2C_setSlaveAddress</name>
         <load_address>0x187e</load_address>
         <run_address>0x187e</run_address>
         <size>0x14</size>
         <input_file_ref idref="fl-18"/>
      </object_component>
      <object_component id="oc-1c2">
         <name>.text:OPT3001_init</name>
         <load_address>0x1892</load_address>
         <run_address>0x1892</run_address>
         <size>0x14</size>
         <input_file_ref idref="fl-9"/>
      </object_component>
      <object_component id="oc-70">
         <name>.text:SysTick_Handler</name>
         <load_address>0x18a8</load_address>
         <run_address>0x18a8</run_address>
         <size>0x10</size>
         <input_file_ref idref="fl-2"/>
      </object_component>
      <object_component id="oc-1a">
         <name>.text:decompress:none:__TI_decompress_none</name>
         <load_address>0x18b8</load_address>
         <run_address>0x18b8</run_address>
         <size>0xe</size>
         <input_file_ref idref="fl-d7"/>
      </object_component>
      <object_component id="oc-1f8">
         <name>.text:delay</name>
         <load_address>0x18c6</load_address>
         <run_address>0x18c6</run_address>
         <size>0xe</size>
         <input_file_ref idref="fl-6"/>
      </object_component>
      <object_component id="oc-64">
         <name>.text:Reset_Handler</name>
         <load_address>0x18d4</load_address>
         <run_address>0x18d4</run_address>
         <size>0xc</size>
         <input_file_ref idref="fl-c"/>
      </object_component>
      <object_component id="oc-114">
         <name>.text:get_left_motor_count</name>
         <load_address>0x18e0</load_address>
         <run_address>0x18e0</run_address>
         <size>0xc</size>
         <input_file_ref idref="fl-7"/>
      </object_component>
      <object_component id="oc-11a">
         <name>.text:get_right_motor_count</name>
         <load_address>0x18ec</load_address>
         <run_address>0x18ec</run_address>
         <size>0xc</size>
         <input_file_ref idref="fl-7"/>
      </object_component>
      <object_component id="oc-a2">
         <name>.text:_system_pre_init</name>
         <load_address>0x18f8</load_address>
         <run_address>0x18f8</run_address>
         <size>0x4</size>
         <input_file_ref idref="fl-de"/>
      </object_component>
      <object_component id="oc-149">
         <name>.text:abort:abort</name>
         <load_address>0x18fc</load_address>
         <run_address>0x18fc</run_address>
         <size>0x4</size>
         <input_file_ref idref="fl-e0"/>
      </object_component>
      <object_component id="oc-2b5">
         <name>.const:GPIO_PORT_TO_BASE</name>
         <load_address>0x1900</load_address>
         <run_address>0x1900</run_address>
         <size>0x30</size>
         <input_file_ref idref="fl-17"/>
      </object_component>
      <object_component id="oc-23d">
         <name>.const:i2cConfig</name>
         <load_address>0x1930</load_address>
         <run_address>0x1930</run_address>
         <size>0x14</size>
         <input_file_ref idref="fl-8"/>
      </object_component>
      <object_component id="oc-32f">
         <name>.cinit..data.load</name>
         <load_address>0x1948</load_address>
         <run_address>0x1948</run_address>
         <size>0x2d</size>
      </object_component>
      <object_component id="oc-32d">
         <name>__TI_handler_table</name>
         <load_address>0x1978</load_address>
         <run_address>0x1978</run_address>
         <size>0xc</size>
      </object_component>
      <object_component id="oc-330">
         <name>.cinit..bss.load</name>
         <load_address>0x1988</load_address>
         <run_address>0x1988</run_address>
         <size>0x8</size>
      </object_component>
      <object_component id="oc-32e">
         <name>__TI_cinit_table</name>
         <load_address>0x1990</load_address>
         <run_address>0x1990</run_address>
         <size>0x10</size>
      </object_component>
      <object_component id="oc-302">
         <name>.binit</name>
         <load_address>0x0</load_address>
         <run_address>0x0</run_address>
         <size>0x0</size>
      </object_component>
      <object_component id="oc-c2">
         <name>.data</name>
         <load_address>0x20000048</load_address>
         <run_address>0x20000048</run_address>
         <size>0x9</size>
         <input_file_ref idref="fl-2"/>
      </object_component>
      <object_component id="oc-c6">
         <name>.data</name>
         <load_address>0x20000051</load_address>
         <run_address>0x20000051</run_address>
         <size>0x2</size>
         <input_file_ref idref="fl-5"/>
      </object_component>
      <object_component id="oc-1fe">
         <name>.data</name>
         <load_address>0x20000000</load_address>
         <run_address>0x20000000</run_address>
         <size>0x18</size>
         <input_file_ref idref="fl-6"/>
      </object_component>
      <object_component id="oc-cf">
         <name>.data</name>
         <load_address>0x2000005c</load_address>
         <run_address>0x2000005c</run_address>
         <size>0x8</size>
         <input_file_ref idref="fl-7"/>
      </object_component>
      <object_component id="oc-1cd">
         <name>.data:right_motor_pwm_config</name>
         <load_address>0x20000030</load_address>
         <run_address>0x20000030</run_address>
         <size>0x18</size>
         <input_file_ref idref="fl-a"/>
      </object_component>
      <object_component id="oc-1c9">
         <name>.data:left_motor_pwm_config</name>
         <load_address>0x20000018</load_address>
         <run_address>0x20000018</run_address>
         <size>0x18</size>
         <input_file_ref idref="fl-a"/>
      </object_component>
      <object_component id="oc-1e8">
         <name>.data</name>
         <load_address>0x20000064</load_address>
         <run_address>0x20000064</run_address>
         <size>0x4</size>
         <input_file_ref idref="fl-d9"/>
      </object_component>
      <object_component id="oc-1e5">
         <name>.data:$O1$$</name>
         <load_address>0x20000054</load_address>
         <run_address>0x20000054</run_address>
         <size>0x8</size>
         <input_file_ref idref="fl-e1"/>
      </object_component>
      <object_component id="oc-132">
         <name>.common:bump_data</name>
         <uninitialized>true</uninitialized>
         <run_address>0x20000070</run_address>
         <size>0x1</size>
      </object_component>
      <object_component id="oc-135">
         <name>.common:bump_data0</name>
         <uninitialized>true</uninitialized>
         <run_address>0x20000071</run_address>
         <size>0x1</size>
      </object_component>
      <object_component id="oc-136">
         <name>.common:bump_data1</name>
         <uninitialized>true</uninitialized>
         <run_address>0x20000072</run_address>
         <size>0x1</size>
      </object_component>
      <object_component id="oc-137">
         <name>.common:bump_data2</name>
         <uninitialized>true</uninitialized>
         <run_address>0x20000073</run_address>
         <size>0x1</size>
      </object_component>
      <object_component id="oc-138">
         <name>.common:bump_data3</name>
         <uninitialized>true</uninitialized>
         <run_address>0x20000074</run_address>
         <size>0x1</size>
      </object_component>
      <object_component id="oc-139">
         <name>.common:bump_data4</name>
         <uninitialized>true</uninitialized>
         <run_address>0x20000075</run_address>
         <size>0x1</size>
      </object_component>
      <object_component id="oc-13a">
         <name>.common:bump_data5</name>
         <uninitialized>true</uninitialized>
         <run_address>0x20000076</run_address>
         <size>0x1</size>
      </object_component>
      <object_component id="oc-13c">
         <name>.common:mouse</name>
         <uninitialized>true</uninitialized>
         <run_address>0x2000006c</run_address>
         <size>0x4</size>
      </object_component>
      <object_component id="oc-13b">
         <name>.common:lux</name>
         <uninitialized>true</uninitialized>
         <run_address>0x20000068</run_address>
         <size>0x4</size>
      </object_component>
      <object_component id="oc-26">
         <name>.stack</name>
         <uninitialized>true</uninitialized>
         <run_address>0x2000fe00</run_address>
         <size>0x4</size>
         <input_file_ref idref="fl-da"/>
      </object_component>
      <object_component id="oc-331">
         <name>.stack</name>
         <uninitialized>true</uninitialized>
         <run_address>0x2000fe00</run_address>
         <size>0x0</size>
      </object_component>
      <object_component id="oc-133">
         <name>.debug_info</name>
         <load_address>0x0</load_address>
         <run_address>0x0</run_address>
         <size>0x9ca</size>
         <input_file_ref idref="fl-2"/>
      </object_component>
      <object_component id="oc-c3">
         <name>.debug_info</name>
         <load_address>0x9ca</load_address>
         <run_address>0x9ca</run_address>
         <size>0xf4</size>
         <input_file_ref idref="fl-2"/>
      </object_component>
      <object_component id="oc-a9">
         <name>.debug_info</name>
         <load_address>0xabe</load_address>
         <run_address>0xabe</run_address>
         <size>0xc06</size>
         <input_file_ref idref="fl-2"/>
      </object_component>
      <object_component id="oc-eb">
         <name>.debug_info</name>
         <load_address>0x16c4</load_address>
         <run_address>0x16c4</run_address>
         <size>0x1ec</size>
         <input_file_ref idref="fl-2"/>
      </object_component>
      <object_component id="oc-71">
         <name>.debug_info</name>
         <load_address>0x18b0</load_address>
         <run_address>0x18b0</run_address>
         <size>0x109</size>
         <input_file_ref idref="fl-2"/>
      </object_component>
      <object_component id="oc-18a">
         <name>.debug_info</name>
         <load_address>0x19b9</load_address>
         <run_address>0x19b9</run_address>
         <size>0x14d</size>
         <input_file_ref idref="fl-2"/>
      </object_component>
      <object_component id="oc-d5">
         <name>.debug_info</name>
         <load_address>0x1b06</load_address>
         <run_address>0x1b06</run_address>
         <size>0x26b</size>
         <input_file_ref idref="fl-2"/>
      </object_component>
      <object_component id="oc-1f3">
         <name>.debug_info</name>
         <load_address>0x1d71</load_address>
         <run_address>0x1d71</run_address>
         <size>0x1028</size>
         <input_file_ref idref="fl-2"/>
      </object_component>
      <object_component id="oc-1ee">
         <name>.debug_info</name>
         <load_address>0x2d99</load_address>
         <run_address>0x2d99</run_address>
         <size>0x37e2</size>
         <input_file_ref idref="fl-2"/>
      </object_component>
      <object_component id="oc-2f0">
         <name>.debug_info</name>
         <load_address>0x657b</load_address>
         <run_address>0x657b</run_address>
         <size>0x9a</size>
         <input_file_ref idref="fl-2"/>
      </object_component>
      <object_component id="oc-24a">
         <name>.debug_info</name>
         <load_address>0x6615</load_address>
         <run_address>0x6615</run_address>
         <size>0x341</size>
         <input_file_ref idref="fl-2"/>
      </object_component>
      <object_component id="oc-144">
         <name>.debug_info</name>
         <load_address>0x6956</load_address>
         <run_address>0x6956</run_address>
         <size>0x8b</size>
         <input_file_ref idref="fl-2"/>
      </object_component>
      <object_component id="oc-191">
         <name>.debug_info</name>
         <load_address>0x69e1</load_address>
         <run_address>0x69e1</run_address>
         <size>0x297</size>
         <input_file_ref idref="fl-2"/>
      </object_component>
      <object_component id="oc-2b9">
         <name>.debug_info</name>
         <load_address>0x6c78</load_address>
         <run_address>0x6c78</run_address>
         <size>0xef</size>
         <input_file_ref idref="fl-2"/>
      </object_component>
      <object_component id="oc-ca">
         <name>.debug_info</name>
         <load_address>0x6d67</load_address>
         <run_address>0x6d67</run_address>
         <size>0xbb</size>
         <input_file_ref idref="fl-2"/>
      </object_component>
      <object_component id="oc-bb">
         <name>.debug_info</name>
         <load_address>0x6e22</load_address>
         <run_address>0x6e22</run_address>
         <size>0x129</size>
         <input_file_ref idref="fl-3"/>
      </object_component>
      <object_component id="oc-2f">
         <name>.debug_info</name>
         <load_address>0x6f4b</load_address>
         <run_address>0x6f4b</run_address>
         <size>0x84</size>
         <input_file_ref idref="fl-3"/>
      </object_component>
      <object_component id="oc-1a1">
         <name>.debug_info</name>
         <load_address>0x6fcf</load_address>
         <run_address>0x6fcf</run_address>
         <size>0x13c</size>
         <input_file_ref idref="fl-4"/>
      </object_component>
      <object_component id="oc-fd">
         <name>.debug_info</name>
         <load_address>0x710b</load_address>
         <run_address>0x710b</run_address>
         <size>0x156</size>
         <input_file_ref idref="fl-4"/>
      </object_component>
      <object_component id="oc-c7">
         <name>.debug_info</name>
         <load_address>0x7261</load_address>
         <run_address>0x7261</run_address>
         <size>0x131</size>
         <input_file_ref idref="fl-5"/>
      </object_component>
      <object_component id="oc-1b1">
         <name>.debug_info</name>
         <load_address>0x7392</load_address>
         <run_address>0x7392</run_address>
         <size>0x15b</size>
         <input_file_ref idref="fl-5"/>
      </object_component>
      <object_component id="oc-10f">
         <name>.debug_info</name>
         <load_address>0x74ed</load_address>
         <run_address>0x74ed</run_address>
         <size>0x12c</size>
         <input_file_ref idref="fl-5"/>
      </object_component>
      <object_component id="oc-109">
         <name>.debug_info</name>
         <load_address>0x7619</load_address>
         <run_address>0x7619</run_address>
         <size>0x12c</size>
         <input_file_ref idref="fl-5"/>
      </object_component>
      <object_component id="oc-77">
         <name>.debug_info</name>
         <load_address>0x7745</load_address>
         <run_address>0x7745</run_address>
         <size>0x14a</size>
         <input_file_ref idref="fl-5"/>
      </object_component>
      <object_component id="oc-1ff">
         <name>.debug_info</name>
         <load_address>0x788f</load_address>
         <run_address>0x788f</run_address>
         <size>0x18a</size>
         <input_file_ref idref="fl-6"/>
      </object_component>
      <object_component id="oc-19c">
         <name>.debug_info</name>
         <load_address>0x7a19</load_address>
         <run_address>0x7a19</run_address>
         <size>0x121</size>
         <input_file_ref idref="fl-6"/>
      </object_component>
      <object_component id="oc-1fc">
         <name>.debug_info</name>
         <load_address>0x7b3a</load_address>
         <run_address>0x7b3a</run_address>
         <size>0x13c</size>
         <input_file_ref idref="fl-6"/>
      </object_component>
      <object_component id="oc-13e">
         <name>.debug_info</name>
         <load_address>0x7c76</load_address>
         <run_address>0x7c76</run_address>
         <size>0x142</size>
         <input_file_ref idref="fl-6"/>
      </object_component>
      <object_component id="oc-d0">
         <name>.debug_info</name>
         <load_address>0x7db8</load_address>
         <run_address>0x7db8</run_address>
         <size>0x11c</size>
         <input_file_ref idref="fl-7"/>
      </object_component>
      <object_component id="oc-1ab">
         <name>.debug_info</name>
         <load_address>0x7ed4</load_address>
         <run_address>0x7ed4</run_address>
         <size>0x175</size>
         <input_file_ref idref="fl-7"/>
      </object_component>
      <object_component id="oc-115">
         <name>.debug_info</name>
         <load_address>0x8049</load_address>
         <run_address>0x8049</run_address>
         <size>0x135</size>
         <input_file_ref idref="fl-7"/>
      </object_component>
      <object_component id="oc-11c">
         <name>.debug_info</name>
         <load_address>0x817e</load_address>
         <run_address>0x817e</run_address>
         <size>0x137</size>
         <input_file_ref idref="fl-7"/>
      </object_component>
      <object_component id="oc-7d">
         <name>.debug_info</name>
         <load_address>0x82b5</load_address>
         <run_address>0x82b5</run_address>
         <size>0x169</size>
         <input_file_ref idref="fl-7"/>
      </object_component>
      <object_component id="oc-2c4">
         <name>.debug_info</name>
         <load_address>0x841e</load_address>
         <run_address>0x841e</run_address>
         <size>0x9a2</size>
         <input_file_ref idref="fl-8"/>
      </object_component>
      <object_component id="oc-23e">
         <name>.debug_info</name>
         <load_address>0x8dc0</load_address>
         <run_address>0x8dc0</run_address>
         <size>0xdb</size>
         <input_file_ref idref="fl-8"/>
      </object_component>
      <object_component id="oc-1b7">
         <name>.debug_info</name>
         <load_address>0x8e9b</load_address>
         <run_address>0x8e9b</run_address>
         <size>0x187</size>
         <input_file_ref idref="fl-8"/>
      </object_component>
      <object_component id="oc-1bd">
         <name>.debug_info</name>
         <load_address>0x9022</load_address>
         <run_address>0x9022</run_address>
         <size>0x15d</size>
         <input_file_ref idref="fl-8"/>
      </object_component>
      <object_component id="oc-1d9">
         <name>.debug_info</name>
         <load_address>0x917f</load_address>
         <run_address>0x917f</run_address>
         <size>0x2ce</size>
         <input_file_ref idref="fl-8"/>
      </object_component>
      <object_component id="oc-242">
         <name>.debug_info</name>
         <load_address>0x944d</load_address>
         <run_address>0x944d</run_address>
         <size>0x231</size>
         <input_file_ref idref="fl-8"/>
      </object_component>
      <object_component id="oc-1d3">
         <name>.debug_info</name>
         <load_address>0x967e</load_address>
         <run_address>0x967e</run_address>
         <size>0x18b</size>
         <input_file_ref idref="fl-8"/>
      </object_component>
      <object_component id="oc-1c5">
         <name>.debug_info</name>
         <load_address>0x9809</load_address>
         <run_address>0x9809</run_address>
         <size>0x152</size>
         <input_file_ref idref="fl-9"/>
      </object_component>
      <object_component id="oc-104">
         <name>.debug_info</name>
         <load_address>0x995b</load_address>
         <run_address>0x995b</run_address>
         <size>0x199</size>
         <input_file_ref idref="fl-9"/>
      </object_component>
      <object_component id="oc-1ce">
         <name>.debug_info</name>
         <load_address>0x9af4</load_address>
         <run_address>0x9af4</run_address>
         <size>0xf3</size>
         <input_file_ref idref="fl-a"/>
      </object_component>
      <object_component id="oc-1ca">
         <name>.debug_info</name>
         <load_address>0x9be7</load_address>
         <run_address>0x9be7</run_address>
         <size>0xf1</size>
         <input_file_ref idref="fl-a"/>
      </object_component>
      <object_component id="oc-1a5">
         <name>.debug_info</name>
         <load_address>0x9cd8</load_address>
         <run_address>0x9cd8</run_address>
         <size>0x189</size>
         <input_file_ref idref="fl-a"/>
      </object_component>
      <object_component id="oc-f1">
         <name>.debug_info</name>
         <load_address>0x9e61</load_address>
         <run_address>0x9e61</run_address>
         <size>0x17a</size>
         <input_file_ref idref="fl-a"/>
      </object_component>
      <object_component id="oc-f8">
         <name>.debug_info</name>
         <load_address>0x9fdb</load_address>
         <run_address>0x9fdb</run_address>
         <size>0x17c</size>
         <input_file_ref idref="fl-a"/>
      </object_component>
      <object_component id="oc-122">
         <name>.debug_info</name>
         <load_address>0xa157</load_address>
         <run_address>0xa157</run_address>
         <size>0x160</size>
         <input_file_ref idref="fl-a"/>
      </object_component>
      <object_component id="oc-129">
         <name>.debug_info</name>
         <load_address>0xa2b7</load_address>
         <run_address>0xa2b7</run_address>
         <size>0x162</size>
         <input_file_ref idref="fl-a"/>
      </object_component>
      <object_component id="oc-84">
         <name>.debug_info</name>
         <load_address>0xa419</load_address>
         <run_address>0xa419</run_address>
         <size>0x2c9</size>
         <input_file_ref idref="fl-c"/>
      </object_component>
      <object_component id="oc-24">
         <name>.debug_info</name>
         <load_address>0xa6e2</load_address>
         <run_address>0xa6e2</run_address>
         <size>0xf5</size>
         <input_file_ref idref="fl-c"/>
      </object_component>
      <object_component id="oc-66">
         <name>.debug_info</name>
         <load_address>0xa7d7</load_address>
         <run_address>0xa7d7</run_address>
         <size>0x158</size>
         <input_file_ref idref="fl-c"/>
      </object_component>
      <object_component id="oc-6e">
         <name>.debug_info</name>
         <load_address>0xa92f</load_address>
         <run_address>0xa92f</run_address>
         <size>0x140</size>
         <input_file_ref idref="fl-c"/>
      </object_component>
      <object_component id="oc-2ed">
         <name>.debug_info</name>
         <load_address>0xaa6f</load_address>
         <run_address>0xaa6f</run_address>
         <size>0x701</size>
         <input_file_ref idref="fl-17"/>
      </object_component>
      <object_component id="oc-2b6">
         <name>.debug_info</name>
         <load_address>0xb170</load_address>
         <run_address>0xb170</run_address>
         <size>0x135</size>
         <input_file_ref idref="fl-17"/>
      </object_component>
      <object_component id="oc-226">
         <name>.debug_info</name>
         <load_address>0xb2a5</load_address>
         <run_address>0xb2a5</run_address>
         <size>0x2a5</size>
         <input_file_ref idref="fl-17"/>
      </object_component>
      <object_component id="oc-2f5">
         <name>.debug_info</name>
         <load_address>0xb54a</load_address>
         <run_address>0xb54a</run_address>
         <size>0x431a</size>
         <input_file_ref idref="fl-17"/>
      </object_component>
      <object_component id="oc-2bf">
         <name>.debug_info</name>
         <load_address>0xf864</load_address>
         <run_address>0xf864</run_address>
         <size>0x6f0</size>
         <input_file_ref idref="fl-18"/>
      </object_component>
      <object_component id="oc-22d">
         <name>.debug_info</name>
         <load_address>0xff54</load_address>
         <run_address>0xff54</run_address>
         <size>0x23b</size>
         <input_file_ref idref="fl-18"/>
      </object_component>
      <object_component id="oc-239">
         <name>.debug_info</name>
         <load_address>0x1018f</load_address>
         <run_address>0x1018f</run_address>
         <size>0x1ee</size>
         <input_file_ref idref="fl-18"/>
      </object_component>
      <object_component id="oc-233">
         <name>.debug_info</name>
         <load_address>0x1037d</load_address>
         <run_address>0x1037d</run_address>
         <size>0x1f0</size>
         <input_file_ref idref="fl-18"/>
      </object_component>
      <object_component id="oc-253">
         <name>.debug_info</name>
         <load_address>0x1056d</load_address>
         <run_address>0x1056d</run_address>
         <size>0x237</size>
         <input_file_ref idref="fl-18"/>
      </object_component>
      <object_component id="oc-260">
         <name>.debug_info</name>
         <load_address>0x107a4</load_address>
         <run_address>0x107a4</run_address>
         <size>0x207</size>
         <input_file_ref idref="fl-18"/>
      </object_component>
      <object_component id="oc-266">
         <name>.debug_info</name>
         <load_address>0x109ab</load_address>
         <run_address>0x109ab</run_address>
         <size>0x1ec</size>
         <input_file_ref idref="fl-18"/>
      </object_component>
      <object_component id="oc-26c">
         <name>.debug_info</name>
         <load_address>0x10b97</load_address>
         <run_address>0x10b97</run_address>
         <size>0x252</size>
         <input_file_ref idref="fl-18"/>
      </object_component>
      <object_component id="oc-2c7">
         <name>.debug_info</name>
         <load_address>0x10de9</load_address>
         <run_address>0x10de9</run_address>
         <size>0x232</size>
         <input_file_ref idref="fl-18"/>
      </object_component>
      <object_component id="oc-2cd">
         <name>.debug_info</name>
         <load_address>0x1101b</load_address>
         <run_address>0x1101b</run_address>
         <size>0x23a</size>
         <input_file_ref idref="fl-18"/>
      </object_component>
      <object_component id="oc-278">
         <name>.debug_info</name>
         <load_address>0x11255</load_address>
         <run_address>0x11255</run_address>
         <size>0x207</size>
         <input_file_ref idref="fl-18"/>
      </object_component>
      <object_component id="oc-27e">
         <name>.debug_info</name>
         <load_address>0x1145c</load_address>
         <run_address>0x1145c</run_address>
         <size>0x1fd</size>
         <input_file_ref idref="fl-18"/>
      </object_component>
      <object_component id="oc-284">
         <name>.debug_info</name>
         <load_address>0x11659</load_address>
         <run_address>0x11659</run_address>
         <size>0x211</size>
         <input_file_ref idref="fl-18"/>
      </object_component>
      <object_component id="oc-28a">
         <name>.debug_info</name>
         <load_address>0x1186a</load_address>
         <run_address>0x1186a</run_address>
         <size>0x215</size>
         <input_file_ref idref="fl-18"/>
      </object_component>
      <object_component id="oc-25a">
         <name>.debug_info</name>
         <load_address>0x11a7f</load_address>
         <run_address>0x11a7f</run_address>
         <size>0x220</size>
         <input_file_ref idref="fl-18"/>
      </object_component>
      <object_component id="oc-273">
         <name>.debug_info</name>
         <load_address>0x11c9f</load_address>
         <run_address>0x11c9f</run_address>
         <size>0x224</size>
         <input_file_ref idref="fl-18"/>
      </object_component>
      <object_component id="oc-9b">
         <name>.debug_info</name>
         <load_address>0x11ec3</load_address>
         <run_address>0x11ec3</run_address>
         <size>0x2d5</size>
         <input_file_ref idref="fl-d6"/>
      </object_component>
      <object_component id="oc-43">
         <name>.debug_info</name>
         <load_address>0x12198</load_address>
         <run_address>0x12198</run_address>
         <size>0x1d3</size>
         <input_file_ref idref="fl-d6"/>
      </object_component>
      <object_component id="oc-96">
         <name>.debug_info</name>
         <load_address>0x1236b</load_address>
         <run_address>0x1236b</run_address>
         <size>0x46</size>
         <input_file_ref idref="fl-d6"/>
      </object_component>
      <object_component id="oc-e1">
         <name>.debug_info</name>
         <load_address>0x123b1</load_address>
         <run_address>0x123b1</run_address>
         <size>0x2c</size>
         <input_file_ref idref="fl-d6"/>
      </object_component>
      <object_component id="oc-3f">
         <name>.debug_info</name>
         <load_address>0x123dd</load_address>
         <run_address>0x123dd</run_address>
         <size>0x2a9</size>
         <input_file_ref idref="fl-d7"/>
      </object_component>
      <object_component id="oc-1e">
         <name>.debug_info</name>
         <load_address>0x12686</load_address>
         <run_address>0x12686</run_address>
         <size>0x1eb</size>
         <input_file_ref idref="fl-d7"/>
      </object_component>
      <object_component id="oc-3a">
         <name>.debug_info</name>
         <load_address>0x12871</load_address>
         <run_address>0x12871</run_address>
         <size>0x46</size>
         <input_file_ref idref="fl-d7"/>
      </object_component>
      <object_component id="oc-8e">
         <name>.debug_info</name>
         <load_address>0x128b7</load_address>
         <run_address>0x128b7</run_address>
         <size>0x2c</size>
         <input_file_ref idref="fl-d7"/>
      </object_component>
      <object_component id="oc-8c">
         <name>.debug_info</name>
         <load_address>0x128e3</load_address>
         <run_address>0x128e3</run_address>
         <size>0x29f</size>
         <input_file_ref idref="fl-d8"/>
      </object_component>
      <object_component id="oc-15">
         <name>.debug_info</name>
         <load_address>0x12b82</load_address>
         <run_address>0x12b82</run_address>
         <size>0x251</size>
         <input_file_ref idref="fl-d8"/>
      </object_component>
      <object_component id="oc-2a">
         <name>.debug_info</name>
         <load_address>0x12dd3</load_address>
         <run_address>0x12dd3</run_address>
         <size>0x60</size>
         <input_file_ref idref="fl-d8"/>
      </object_component>
      <object_component id="oc-da">
         <name>.debug_info</name>
         <load_address>0x12e33</load_address>
         <run_address>0x12e33</run_address>
         <size>0x46</size>
         <input_file_ref idref="fl-d8"/>
      </object_component>
      <object_component id="oc-87">
         <name>.debug_info</name>
         <load_address>0x12e79</load_address>
         <run_address>0x12e79</run_address>
         <size>0x39</size>
         <input_file_ref idref="fl-d8"/>
      </object_component>
      <object_component id="oc-1e9">
         <name>.debug_info</name>
         <load_address>0x12eb2</load_address>
         <run_address>0x12eb2</run_address>
         <size>0xfc</size>
         <input_file_ref idref="fl-d9"/>
      </object_component>
      <object_component id="oc-12e">
         <name>.debug_info</name>
         <load_address>0x12fae</load_address>
         <run_address>0x12fae</run_address>
         <size>0x13e</size>
         <input_file_ref idref="fl-d9"/>
      </object_component>
      <object_component id="oc-27">
         <name>.debug_info</name>
         <load_address>0x130ec</load_address>
         <run_address>0x130ec</run_address>
         <size>0x10c</size>
         <input_file_ref idref="fl-da"/>
      </object_component>
      <object_component id="oc-53">
         <name>.debug_info</name>
         <load_address>0x131f8</load_address>
         <run_address>0x131f8</run_address>
         <size>0x1aa</size>
         <input_file_ref idref="fl-da"/>
      </object_component>
      <object_component id="oc-36">
         <name>.debug_info</name>
         <load_address>0x133a2</load_address>
         <run_address>0x133a2</run_address>
         <size>0x11a</size>
         <input_file_ref idref="fl-dc"/>
      </object_component>
      <object_component id="oc-20a">
         <name>.debug_info</name>
         <load_address>0x134bc</load_address>
         <run_address>0x134bc</run_address>
         <size>0x4b4</size>
         <input_file_ref idref="fl-dd"/>
      </object_component>
      <object_component id="oc-157">
         <name>.debug_info</name>
         <load_address>0x13970</load_address>
         <run_address>0x13970</run_address>
         <size>0x1a7</size>
         <input_file_ref idref="fl-dd"/>
      </object_component>
      <object_component id="oc-2a4">
         <name>.debug_info</name>
         <load_address>0x13b17</load_address>
         <run_address>0x13b17</run_address>
         <size>0x39</size>
         <input_file_ref idref="fl-dd"/>
      </object_component>
      <object_component id="oc-2df">
         <name>.debug_info</name>
         <load_address>0x13b50</load_address>
         <run_address>0x13b50</run_address>
         <size>0x39</size>
         <input_file_ref idref="fl-dd"/>
      </object_component>
      <object_component id="oc-2a9">
         <name>.debug_info</name>
         <load_address>0x13b89</load_address>
         <run_address>0x13b89</run_address>
         <size>0x39</size>
         <input_file_ref idref="fl-dd"/>
      </object_component>
      <object_component id="oc-2ae">
         <name>.debug_info</name>
         <load_address>0x13bc2</load_address>
         <run_address>0x13bc2</run_address>
         <size>0xcd</size>
         <input_file_ref idref="fl-dd"/>
      </object_component>
      <object_component id="oc-a3">
         <name>.debug_info</name>
         <load_address>0x13c8f</load_address>
         <run_address>0x13c8f</run_address>
         <size>0x154</size>
         <input_file_ref idref="fl-de"/>
      </object_component>
      <object_component id="oc-14a">
         <name>.debug_info</name>
         <load_address>0x13de3</load_address>
         <run_address>0x13de3</run_address>
         <size>0x123</size>
         <input_file_ref idref="fl-e0"/>
      </object_component>
      <object_component id="oc-297">
         <name>.debug_info</name>
         <load_address>0x13f06</load_address>
         <run_address>0x13f06</run_address>
         <size>0x2ca</size>
         <input_file_ref idref="fl-e1"/>
      </object_component>
      <object_component id="oc-1e6">
         <name>.debug_info</name>
         <load_address>0x141d0</load_address>
         <run_address>0x141d0</run_address>
         <size>0x11f</size>
         <input_file_ref idref="fl-e1"/>
      </object_component>
      <object_component id="oc-292">
         <name>.debug_info</name>
         <load_address>0x142ef</load_address>
         <run_address>0x142ef</run_address>
         <size>0x12f</size>
         <input_file_ref idref="fl-e1"/>
      </object_component>
      <object_component id="oc-332">
         <name>.debug_info</name>
         <load_address>0x1441e</load_address>
         <run_address>0x1441e</run_address>
         <size>0x9d</size>
      </object_component>
      <object_component id="oc-1ed">
         <name>.debug_line</name>
         <load_address>0x0</load_address>
         <run_address>0x0</run_address>
         <size>0xd1</size>
         <input_file_ref idref="fl-2"/>
      </object_component>
      <object_component id="oc-189">
         <name>.debug_line</name>
         <load_address>0xd1</load_address>
         <run_address>0xd1</run_address>
         <size>0x2d</size>
         <input_file_ref idref="fl-2"/>
      </object_component>
      <object_component id="oc-ac">
         <name>.debug_line</name>
         <load_address>0xfe</load_address>
         <run_address>0xfe</run_address>
         <size>0x21d</size>
         <input_file_ref idref="fl-2"/>
      </object_component>
      <object_component id="oc-ef">
         <name>.debug_line</name>
         <load_address>0x31b</load_address>
         <run_address>0x31b</run_address>
         <size>0x57</size>
         <input_file_ref idref="fl-2"/>
      </object_component>
      <object_component id="oc-75">
         <name>.debug_line</name>
         <load_address>0x372</load_address>
         <run_address>0x372</run_address>
         <size>0x45</size>
         <input_file_ref idref="fl-2"/>
      </object_component>
      <object_component id="oc-18d">
         <name>.debug_line</name>
         <load_address>0x3b7</load_address>
         <run_address>0x3b7</run_address>
         <size>0x2d</size>
         <input_file_ref idref="fl-2"/>
      </object_component>
      <object_component id="oc-d8">
         <name>.debug_line</name>
         <load_address>0x3e4</load_address>
         <run_address>0x3e4</run_address>
         <size>0x6f</size>
         <input_file_ref idref="fl-2"/>
      </object_component>
      <object_component id="oc-1f6">
         <name>.debug_line</name>
         <load_address>0x453</load_address>
         <run_address>0x453</run_address>
         <size>0x78</size>
         <input_file_ref idref="fl-2"/>
      </object_component>
      <object_component id="oc-1f1">
         <name>.debug_line</name>
         <load_address>0x4cb</load_address>
         <run_address>0x4cb</run_address>
         <size>0x7b</size>
         <input_file_ref idref="fl-2"/>
      </object_component>
      <object_component id="oc-2f3">
         <name>.debug_line</name>
         <load_address>0x546</load_address>
         <run_address>0x546</run_address>
         <size>0x79</size>
         <input_file_ref idref="fl-2"/>
      </object_component>
      <object_component id="oc-24d">
         <name>.debug_line</name>
         <load_address>0x5bf</load_address>
         <run_address>0x5bf</run_address>
         <size>0x7d</size>
         <input_file_ref idref="fl-2"/>
      </object_component>
      <object_component id="oc-147">
         <name>.debug_line</name>
         <load_address>0x63c</load_address>
         <run_address>0x63c</run_address>
         <size>0x20</size>
         <input_file_ref idref="fl-2"/>
      </object_component>
      <object_component id="oc-194">
         <name>.debug_line</name>
         <load_address>0x65c</load_address>
         <run_address>0x65c</run_address>
         <size>0x73</size>
         <input_file_ref idref="fl-2"/>
      </object_component>
      <object_component id="oc-2bc">
         <name>.debug_line</name>
         <load_address>0x6cf</load_address>
         <run_address>0x6cf</run_address>
         <size>0x6f</size>
         <input_file_ref idref="fl-2"/>
      </object_component>
      <object_component id="oc-cd">
         <name>.debug_line</name>
         <load_address>0x73e</load_address>
         <run_address>0x73e</run_address>
         <size>0x70</size>
         <input_file_ref idref="fl-2"/>
      </object_component>
      <object_component id="oc-bf">
         <name>.debug_line</name>
         <load_address>0x7ae</load_address>
         <run_address>0x7ae</run_address>
         <size>0x66</size>
         <input_file_ref idref="fl-3"/>
      </object_component>
      <object_component id="oc-32">
         <name>.debug_line</name>
         <load_address>0x814</load_address>
         <run_address>0x814</run_address>
         <size>0x20</size>
         <input_file_ref idref="fl-3"/>
      </object_component>
      <object_component id="oc-19f">
         <name>.debug_line</name>
         <load_address>0x834</load_address>
         <run_address>0x834</run_address>
         <size>0x51</size>
         <input_file_ref idref="fl-4"/>
      </object_component>
      <object_component id="oc-101">
         <name>.debug_line</name>
         <load_address>0x885</load_address>
         <run_address>0x885</run_address>
         <size>0x56</size>
         <input_file_ref idref="fl-4"/>
      </object_component>
      <object_component id="oc-190">
         <name>.debug_line</name>
         <load_address>0x8db</load_address>
         <run_address>0x8db</run_address>
         <size>0x37</size>
         <input_file_ref idref="fl-5"/>
      </object_component>
      <object_component id="oc-1b5">
         <name>.debug_line</name>
         <load_address>0x912</load_address>
         <run_address>0x912</run_address>
         <size>0x54</size>
         <input_file_ref idref="fl-5"/>
      </object_component>
      <object_component id="oc-113">
         <name>.debug_line</name>
         <load_address>0x966</load_address>
         <run_address>0x966</run_address>
         <size>0x53</size>
         <input_file_ref idref="fl-5"/>
      </object_component>
      <object_component id="oc-10c">
         <name>.debug_line</name>
         <load_address>0x9b9</load_address>
         <run_address>0x9b9</run_address>
         <size>0x53</size>
         <input_file_ref idref="fl-5"/>
      </object_component>
      <object_component id="oc-7a">
         <name>.debug_line</name>
         <load_address>0xa0c</load_address>
         <run_address>0xa0c</run_address>
         <size>0x5c</size>
         <input_file_ref idref="fl-5"/>
      </object_component>
      <object_component id="oc-29d">
         <name>.debug_line</name>
         <load_address>0xa68</load_address>
         <run_address>0xa68</run_address>
         <size>0x36</size>
         <input_file_ref idref="fl-6"/>
      </object_component>
      <object_component id="oc-19b">
         <name>.debug_line</name>
         <load_address>0xa9e</load_address>
         <run_address>0xa9e</run_address>
         <size>0x89</size>
         <input_file_ref idref="fl-6"/>
      </object_component>
      <object_component id="oc-1f9">
         <name>.debug_line</name>
         <load_address>0xb27</load_address>
         <run_address>0xb27</run_address>
         <size>0x4e</size>
         <input_file_ref idref="fl-6"/>
      </object_component>
      <object_component id="oc-141">
         <name>.debug_line</name>
         <load_address>0xb75</load_address>
         <run_address>0xb75</run_address>
         <size>0x55</size>
         <input_file_ref idref="fl-6"/>
      </object_component>
      <object_component id="oc-197">
         <name>.debug_line</name>
         <load_address>0xbca</load_address>
         <run_address>0xbca</run_address>
         <size>0x38</size>
         <input_file_ref idref="fl-7"/>
      </object_component>
      <object_component id="oc-1ae">
         <name>.debug_line</name>
         <load_address>0xc02</load_address>
         <run_address>0xc02</run_address>
         <size>0x5a</size>
         <input_file_ref idref="fl-7"/>
      </object_component>
      <object_component id="oc-118">
         <name>.debug_line</name>
         <load_address>0xc5c</load_address>
         <run_address>0xc5c</run_address>
         <size>0x4d</size>
         <input_file_ref idref="fl-7"/>
      </object_component>
      <object_component id="oc-11b">
         <name>.debug_line</name>
         <load_address>0xca9</load_address>
         <run_address>0xca9</run_address>
         <size>0x4d</size>
         <input_file_ref idref="fl-7"/>
      </object_component>
      <object_component id="oc-80">
         <name>.debug_line</name>
         <load_address>0xcf6</load_address>
         <run_address>0xcf6</run_address>
         <size>0x68</size>
         <input_file_ref idref="fl-7"/>
      </object_component>
      <object_component id="oc-2fb">
         <name>.debug_line</name>
         <load_address>0xd5e</load_address>
         <run_address>0xd5e</run_address>
         <size>0xd3</size>
         <input_file_ref idref="fl-8"/>
      </object_component>
      <object_component id="oc-2c3">
         <name>.debug_line</name>
         <load_address>0xe31</load_address>
         <run_address>0xe31</run_address>
         <size>0x38</size>
         <input_file_ref idref="fl-8"/>
      </object_component>
      <object_component id="oc-1bb">
         <name>.debug_line</name>
         <load_address>0xe69</load_address>
         <run_address>0xe69</run_address>
         <size>0x50</size>
         <input_file_ref idref="fl-8"/>
      </object_component>
      <object_component id="oc-1c0">
         <name>.debug_line</name>
         <load_address>0xeb9</load_address>
         <run_address>0xeb9</run_address>
         <size>0x53</size>
         <input_file_ref idref="fl-8"/>
      </object_component>
      <object_component id="oc-1dd">
         <name>.debug_line</name>
         <load_address>0xf0c</load_address>
         <run_address>0xf0c</run_address>
         <size>0x72</size>
         <input_file_ref idref="fl-8"/>
      </object_component>
      <object_component id="oc-246">
         <name>.debug_line</name>
         <load_address>0xf7e</load_address>
         <run_address>0xf7e</run_address>
         <size>0x55</size>
         <input_file_ref idref="fl-8"/>
      </object_component>
      <object_component id="oc-1d6">
         <name>.debug_line</name>
         <load_address>0xfd3</load_address>
         <run_address>0xfd3</run_address>
         <size>0x52</size>
         <input_file_ref idref="fl-8"/>
      </object_component>
      <object_component id="oc-1c3">
         <name>.debug_line</name>
         <load_address>0x1025</load_address>
         <run_address>0x1025</run_address>
         <size>0x54</size>
         <input_file_ref idref="fl-9"/>
      </object_component>
      <object_component id="oc-103">
         <name>.debug_line</name>
         <load_address>0x1079</load_address>
         <run_address>0x1079</run_address>
         <size>0x84</size>
         <input_file_ref idref="fl-9"/>
      </object_component>
      <object_component id="oc-250">
         <name>.debug_line</name>
         <load_address>0x10fd</load_address>
         <run_address>0x10fd</run_address>
         <size>0x36</size>
         <input_file_ref idref="fl-a"/>
      </object_component>
      <object_component id="oc-249">
         <name>.debug_line</name>
         <load_address>0x1133</load_address>
         <run_address>0x1133</run_address>
         <size>0x36</size>
         <input_file_ref idref="fl-a"/>
      </object_component>
      <object_component id="oc-1a8">
         <name>.debug_line</name>
         <load_address>0x1169</load_address>
         <run_address>0x1169</run_address>
         <size>0x57</size>
         <input_file_ref idref="fl-a"/>
      </object_component>
      <object_component id="oc-f5">
         <name>.debug_line</name>
         <load_address>0x11c0</load_address>
         <run_address>0x11c0</run_address>
         <size>0x5c</size>
         <input_file_ref idref="fl-a"/>
      </object_component>
      <object_component id="oc-fb">
         <name>.debug_line</name>
         <load_address>0x121c</load_address>
         <run_address>0x121c</run_address>
         <size>0x5c</size>
         <input_file_ref idref="fl-a"/>
      </object_component>
      <object_component id="oc-121">
         <name>.debug_line</name>
         <load_address>0x1278</load_address>
         <run_address>0x1278</run_address>
         <size>0x52</size>
         <input_file_ref idref="fl-a"/>
      </object_component>
      <object_component id="oc-127">
         <name>.debug_line</name>
         <load_address>0x12ca</load_address>
         <run_address>0x12ca</run_address>
         <size>0x52</size>
         <input_file_ref idref="fl-a"/>
      </object_component>
      <object_component id="oc-d4">
         <name>.debug_line</name>
         <load_address>0x131c</load_address>
         <run_address>0x131c</run_address>
         <size>0x44</size>
         <input_file_ref idref="fl-c"/>
      </object_component>
      <object_component id="oc-83">
         <name>.debug_line</name>
         <load_address>0x1360</load_address>
         <run_address>0x1360</run_address>
         <size>0x44</size>
         <input_file_ref idref="fl-c"/>
      </object_component>
      <object_component id="oc-69">
         <name>.debug_line</name>
         <load_address>0x13a4</load_address>
         <run_address>0x13a4</run_address>
         <size>0x5d</size>
         <input_file_ref idref="fl-c"/>
      </object_component>
      <object_component id="oc-6b">
         <name>.debug_line</name>
         <load_address>0x1401</load_address>
         <run_address>0x1401</run_address>
         <size>0x59</size>
         <input_file_ref idref="fl-c"/>
      </object_component>
      <object_component id="oc-2ff">
         <name>.debug_line</name>
         <load_address>0x145a</load_address>
         <run_address>0x145a</run_address>
         <size>0x56</size>
         <input_file_ref idref="fl-17"/>
      </object_component>
      <object_component id="oc-2ec">
         <name>.debug_line</name>
         <load_address>0x14b0</load_address>
         <run_address>0x14b0</run_address>
         <size>0x51</size>
         <input_file_ref idref="fl-17"/>
      </object_component>
      <object_component id="oc-228">
         <name>.debug_line</name>
         <load_address>0x1501</load_address>
         <run_address>0x1501</run_address>
         <size>0x78</size>
         <input_file_ref idref="fl-17"/>
      </object_component>
      <object_component id="oc-2f8">
         <name>.debug_line</name>
         <load_address>0x1579</load_address>
         <run_address>0x1579</run_address>
         <size>0x51</size>
         <input_file_ref idref="fl-17"/>
      </object_component>
      <object_component id="oc-2ef">
         <name>.debug_line</name>
         <load_address>0x15ca</load_address>
         <run_address>0x15ca</run_address>
         <size>0x56</size>
         <input_file_ref idref="fl-18"/>
      </object_component>
      <object_component id="oc-230">
         <name>.debug_line</name>
         <load_address>0x1620</load_address>
         <run_address>0x1620</run_address>
         <size>0x70</size>
         <input_file_ref idref="fl-18"/>
      </object_component>
      <object_component id="oc-23c">
         <name>.debug_line</name>
         <load_address>0x1690</load_address>
         <run_address>0x1690</run_address>
         <size>0x68</size>
         <input_file_ref idref="fl-18"/>
      </object_component>
      <object_component id="oc-236">
         <name>.debug_line</name>
         <load_address>0x16f8</load_address>
         <run_address>0x16f8</run_address>
         <size>0x68</size>
         <input_file_ref idref="fl-18"/>
      </object_component>
      <object_component id="oc-256">
         <name>.debug_line</name>
         <load_address>0x1760</load_address>
         <run_address>0x1760</run_address>
         <size>0x68</size>
         <input_file_ref idref="fl-18"/>
      </object_component>
      <object_component id="oc-263">
         <name>.debug_line</name>
         <load_address>0x17c8</load_address>
         <run_address>0x17c8</run_address>
         <size>0x68</size>
         <input_file_ref idref="fl-18"/>
      </object_component>
      <object_component id="oc-269">
         <name>.debug_line</name>
         <load_address>0x1830</load_address>
         <run_address>0x1830</run_address>
         <size>0x68</size>
         <input_file_ref idref="fl-18"/>
      </object_component>
      <object_component id="oc-26f">
         <name>.debug_line</name>
         <load_address>0x1898</load_address>
         <run_address>0x1898</run_address>
         <size>0x74</size>
         <input_file_ref idref="fl-18"/>
      </object_component>
      <object_component id="oc-2ca">
         <name>.debug_line</name>
         <load_address>0x190c</load_address>
         <run_address>0x190c</run_address>
         <size>0x71</size>
         <input_file_ref idref="fl-18"/>
      </object_component>
      <object_component id="oc-2d0">
         <name>.debug_line</name>
         <load_address>0x197d</load_address>
         <run_address>0x197d</run_address>
         <size>0x7f</size>
         <input_file_ref idref="fl-18"/>
      </object_component>
      <object_component id="oc-27b">
         <name>.debug_line</name>
         <load_address>0x19fc</load_address>
         <run_address>0x19fc</run_address>
         <size>0x71</size>
         <input_file_ref idref="fl-18"/>
      </object_component>
      <object_component id="oc-281">
         <name>.debug_line</name>
         <load_address>0x1a6d</load_address>
         <run_address>0x1a6d</run_address>
         <size>0x68</size>
         <input_file_ref idref="fl-18"/>
      </object_component>
      <object_component id="oc-287">
         <name>.debug_line</name>
         <load_address>0x1ad5</load_address>
         <run_address>0x1ad5</run_address>
         <size>0x68</size>
         <input_file_ref idref="fl-18"/>
      </object_component>
      <object_component id="oc-28d">
         <name>.debug_line</name>
         <load_address>0x1b3d</load_address>
         <run_address>0x1b3d</run_address>
         <size>0x70</size>
         <input_file_ref idref="fl-18"/>
      </object_component>
      <object_component id="oc-25c">
         <name>.debug_line</name>
         <load_address>0x1bad</load_address>
         <run_address>0x1bad</run_address>
         <size>0x68</size>
         <input_file_ref idref="fl-18"/>
      </object_component>
      <object_component id="oc-275">
         <name>.debug_line</name>
         <load_address>0x1c15</load_address>
         <run_address>0x1c15</run_address>
         <size>0x68</size>
         <input_file_ref idref="fl-18"/>
      </object_component>
      <object_component id="oc-e7">
         <name>.debug_line</name>
         <load_address>0x1c7d</load_address>
         <run_address>0x1c7d</run_address>
         <size>0x92</size>
         <input_file_ref idref="fl-d6"/>
      </object_component>
      <object_component id="oc-41">
         <name>.debug_line</name>
         <load_address>0x1d0f</load_address>
         <run_address>0x1d0f</run_address>
         <size>0x56</size>
         <input_file_ref idref="fl-d6"/>
      </object_component>
      <object_component id="oc-99">
         <name>.debug_line</name>
         <load_address>0x1d65</load_address>
         <run_address>0x1d65</run_address>
         <size>0x34</size>
         <input_file_ref idref="fl-d6"/>
      </object_component>
      <object_component id="oc-e4">
         <name>.debug_line</name>
         <load_address>0x1d99</load_address>
         <run_address>0x1d99</run_address>
         <size>0x92</size>
         <input_file_ref idref="fl-d6"/>
      </object_component>
      <object_component id="oc-94">
         <name>.debug_line</name>
         <load_address>0x1e2b</load_address>
         <run_address>0x1e2b</run_address>
         <size>0x20</size>
         <input_file_ref idref="fl-d7"/>
      </object_component>
      <object_component id="oc-1b">
         <name>.debug_line</name>
         <load_address>0x1e4b</load_address>
         <run_address>0x1e4b</run_address>
         <size>0x55</size>
         <input_file_ref idref="fl-d7"/>
      </object_component>
      <object_component id="oc-3d">
         <name>.debug_line</name>
         <load_address>0x1ea0</load_address>
         <run_address>0x1ea0</run_address>
         <size>0x3a</size>
         <input_file_ref idref="fl-d7"/>
      </object_component>
      <object_component id="oc-91">
         <name>.debug_line</name>
         <load_address>0x1eda</load_address>
         <run_address>0x1eda</run_address>
         <size>0x92</size>
         <input_file_ref idref="fl-d7"/>
      </object_component>
      <object_component id="oc-e0">
         <name>.debug_line</name>
         <load_address>0x1f6c</load_address>
         <run_address>0x1f6c</run_address>
         <size>0x20</size>
         <input_file_ref idref="fl-d8"/>
      </object_component>
      <object_component id="oc-18">
         <name>.debug_line</name>
         <load_address>0x1f8c</load_address>
         <run_address>0x1f8c</run_address>
         <size>0xa9</size>
         <input_file_ref idref="fl-d8"/>
      </object_component>
      <object_component id="oc-2d">
         <name>.debug_line</name>
         <load_address>0x2035</load_address>
         <run_address>0x2035</run_address>
         <size>0x3a</size>
         <input_file_ref idref="fl-d8"/>
      </object_component>
      <object_component id="oc-dd">
         <name>.debug_line</name>
         <load_address>0x206f</load_address>
         <run_address>0x206f</run_address>
         <size>0x9a</size>
         <input_file_ref idref="fl-d8"/>
      </object_component>
      <object_component id="oc-8a">
         <name>.debug_line</name>
         <load_address>0x2109</load_address>
         <run_address>0x2109</run_address>
         <size>0x96</size>
         <input_file_ref idref="fl-d8"/>
      </object_component>
      <object_component id="oc-29a">
         <name>.debug_line</name>
         <load_address>0x219f</load_address>
         <run_address>0x219f</run_address>
         <size>0x2a</size>
[...]
         <name>bump_data5</name>
         <value>0x20000076</value>
      </symbol>
      <symbol id="sm-11c">
         <name>mouse</name>
         <value>0x2000006c</value>
      </symbol>
      <symbol id="sm-11d">
         <name>lux</name>
         <value>0x20000068</value>
      </symbol>
      <symbol id="sm-11e">
         <name>SysTick_Handler</name>
         <value>0x18a9</value>
         <object_component_ref idref="oc-70"/>
      </symbol>
      <symbol id="sm-11f">
         <name>Initialize_System</name>
         <value>0xbdd</value>
         <object_component_ref idref="oc-ea"/>
      </symbol>
      <symbol id="sm-120">
         <name>tick</name>
         <value>0x20000048</value>
         <object_component_ref idref="oc-c2"/>
      </symbol>
      <symbol id="sm-121">
         <name>state</name>
         <value>0x20000050</value>
         <object_component_ref idref="oc-c2"/>
      </symbol>
      <symbol id="sm-122">
         <name>i</name>
         <value>0x2000004c</value>
         <object_component_ref idref="oc-c2"/>
      </symbol>
      <symbol id="sm-123">
         <name>main</name>
         <value>0xe5</value>
         <object_component_ref idref="oc-a8"/>
      </symbol>
      <symbol id="sm-13b">
         <name>SystemInit</name>
         <value>0x117d</value>
         <object_component_ref idref="oc-ba"/>
      </symbol>
      <symbol id="sm-151">
         <name>Bump_Read</name>
         <value>0xd49</value>
         <object_component_ref idref="oc-fc"/>
      </symbol>
      <symbol id="sm-152">
         <name>Bump_Init</name>
         <value>0x1455</value>
         <object_component_ref idref="oc-19e"/>
      </symbol>
      <symbol id="sm-18c">
         <name>button_S1_pressed</name>
         <value>0x17f9</value>
         <object_component_ref idref="oc-10e"/>
      </symbol>
      <symbol id="sm-18d">
         <name>PORT1_IRQHandler</name>
         <value>0x14f9</value>
         <object_component_ref idref="oc-76"/>
      </symbol>
      <symbol id="sm-18e">
         <name>button_S1_pressed_flag</name>
         <value>0x20000051</value>
         <object_component_ref idref="oc-c6"/>
      </symbol>
      <symbol id="sm-18f">
         <name>button_init</name>
         <value>0x1069</value>
         <object_component_ref idref="oc-1b0"/>
      </symbol>
      <symbol id="sm-190">
         <name>button_S2_pressed</name>
         <value>0x1811</value>
         <object_component_ref idref="oc-108"/>
      </symbol>
      <symbol id="sm-191">
         <name>button_S2_pressed_flag</name>
         <value>0x20000052</value>
         <object_component_ref idref="oc-c6"/>
      </symbol>
      <symbol id="sm-1de">
         <name>Clock_Delay1ms</name>
         <value>0x16f5</value>
         <object_component_ref idref="oc-13d"/>
      </symbol>
      <symbol id="sm-1df">
         <name>Crystalstable</name>
         <value>0x20000014</value>
         <object_component_ref idref="oc-1fe"/>
      </symbol>
      <symbol id="sm-1e0">
         <name>Prewait</name>
         <value>0x20000004</value>
         <object_component_ref idref="oc-1fe"/>
      </symbol>
      <symbol id="sm-1e1">
         <name>IFlags</name>
         <value>0x20000010</value>
         <object_component_ref idref="oc-1fe"/>
      </symbol>
      <symbol id="sm-1e2">
         <name>ClockFrequency</name>
         <value>0x20000000</value>
         <object_component_ref idref="oc-1fe"/>
      </symbol>
      <symbol id="sm-1e3">
         <name>Postwait</name>
         <value>0x2000000c</value>
         <object_component_ref idref="oc-1fe"/>
      </symbol>
      <symbol id="sm-1e4">
         <name>delay</name>
         <value>0x18c7</value>
         <object_component_ref idref="oc-1f8"/>
      </symbol>
      <symbol id="sm-1e5">
         <name>CPMwait</name>
         <value>0x20000008</value>
         <object_component_ref idref="oc-1fe"/>
      </symbol>
      <symbol id="sm-1e6">
         <name>Clock_Init48MHz</name>
         <value>0x989</value>
         <object_component_ref idref="oc-198"/>
      </symbol>
      <symbol id="sm-220">
         <name>left_motor_count</name>
         <value>0x2000005c</value>
         <object_component_ref idref="oc-cf"/>
      </symbol>
      <symbol id="sm-221">
         <name>get_right_motor_count</name>
         <value>0x18ed</value>
         <object_component_ref idref="oc-11a"/>
      </symbol>
      <symbol id="sm-222">
         <name>get_left_motor_count</name>
         <value>0x18e1</value>
         <object_component_ref idref="oc-114"/>
      </symbol>
      <symbol id="sm-223">
         <name>encoder_init</name>
         <value>0xc95</value>
         <object_component_ref idref="oc-1aa"/>
      </symbol>
      <symbol id="sm-224">
         <name>PORT5_IRQHandler</name>
         <value>0xf45</value>
         <object_component_ref idref="oc-7c"/>
      </symbol>
      <symbol id="sm-225">
         <name>right_motor_count</name>
         <value>0x20000060</value>
         <object_component_ref idref="oc-cf"/>
      </symbol>
      <symbol id="sm-266">
         <name>I2C_init</name>
         <value>0x1721</value>
         <object_component_ref idref="oc-1bc"/>
      </symbol>
      <symbol id="sm-267">
         <name>I2C_setslave</name>
         <value>0x175d</value>
         <object_component_ref idref="oc-1d2"/>
      </symbol>
      <symbol id="sm-268">
         <name>Init_I2C_GPIO</name>
         <value>0x17e1</value>
         <object_component_ref idref="oc-1b6"/>
      </symbol>
      <symbol id="sm-269">
         <name>I2C_read16</name>
         <value>0xfdd</value>
         <object_component_ref idref="oc-1d8"/>
      </symbol>
      <symbol id="sm-26a">
         <name>I2C_write16</name>
         <value>0x14b1</value>
         <object_component_ref idref="oc-241"/>
      </symbol>
      <symbol id="sm-26b">
         <name>i2cConfig</name>
         <value>0x1930</value>
         <object_component_ref idref="oc-23d"/>
      </symbol>
      <symbol id="sm-28e">
         <name>OPT3001_getLux</name>
         <value>0xb05</value>
         <object_component_ref idref="oc-102"/>
      </symbol>
      <symbol id="sm-28f">
         <name>OPT3001_init</name>
         <value>0x1893</value>
         <object_component_ref idref="oc-1c2"/>
      </symbol>
      <symbol id="sm-2e3">
         <name>set_left_motor_direction</name>
         <value>0x1695</value>
         <object_component_ref idref="oc-120"/>
      </symbol>
      <symbol id="sm-2e4">
         <name>set_right_motor_pwm</name>
         <value>0x13f5</value>
         <object_component_ref idref="oc-f6"/>
      </symbol>
      <symbol id="sm-2e5">
         <name>motor_init</name>
         <value>0xdf9</value>
         <object_component_ref idref="oc-1a4"/>
      </symbol>
      <symbol id="sm-2e6">
         <name>left_motor_pwm_config</name>
         <value>0x20000018</value>
         <object_component_ref idref="oc-1c9"/>
      </symbol>
      <symbol id="sm-2e7">
         <name>set_right_motor_direction</name>
         <value>0x16c5</value>
         <object_component_ref idref="oc-126"/>
      </symbol>
      <symbol id="sm-2e8">
         <name>set_left_motor_pwm</name>
         <value>0x1395</value>
         <object_component_ref idref="oc-f0"/>
      </symbol>
      <symbol id="sm-2e9">
         <name>right_motor_pwm_config</name>
         <value>0x20000030</value>
         <object_component_ref idref="oc-1cd"/>
      </symbol>
      <symbol id="sm-306">
         <name>Reset_Handler</name>
         <value>0x18d5</value>
         <object_component_ref idref="oc-64"/>
      </symbol>
      <symbol id="sm-307">
         <name>Default_Handler</name>
         <value>0x1393</value>
         <object_component_ref idref="oc-6a"/>
      </symbol>
      <symbol id="sm-308">
         <name>interruptVectors</name>
         <value>0x0</value>
         <object_component_ref idref="oc-23"/>
      </symbol>
      <symbol id="sm-328">
         <name>GPIO_setAsPeripheralModuleFunctionOutputPin</name>
         <value>0x10f5</value>
         <object_component_ref idref="oc-224"/>
      </symbol>
      <symbol id="sm-3c7">
         <name>I2C_masterSendMultiByteStop</name>
         <value>0x15c1</value>
         <object_component_ref idref="oc-276"/>
      </symbol>
      <symbol id="sm-3c8">
         <name>I2C_masterSendMultiByteFinish</name>
         <value>0x11f5</value>
         <object_component_ref idref="oc-2cb"/>
      </symbol>
      <symbol id="sm-3c9">
         <name>I2C_masterSendMultiByteNext</name>
         <value>0x15f9</value>
         <object_component_ref idref="oc-2c5"/>
      </symbol>
      <symbol id="sm-3ca">
         <name>I2C_masterSendMultiByteStart</name>
         <value>0x1261</value>
         <object_component_ref idref="oc-26a"/>
      </symbol>
      <symbol id="sm-3cb">
         <name>I2C_masterReceiveMultiByteNext</name>
         <value>0x186b</value>
         <object_component_ref idref="oc-282"/>
      </symbol>
      <symbol id="sm-3cc">
         <name>I2C_getInterruptStatus</name>
         <value>0x17af</value>
         <object_component_ref idref="oc-270"/>
      </symbol>
      <symbol id="sm-3cd">
         <name>I2C_setMode</name>
         <value>0x1741</value>
         <object_component_ref idref="oc-25e"/>
      </symbol>
      <symbol id="sm-3ce">
         <name>I2C_isBusBusy</name>
         <value>0x17c9</value>
         <object_component_ref idref="oc-264"/>
      </symbol>
      <symbol id="sm-3cf">
         <name>I2C_masterReceiveMultiByteFinish</name>
         <value>0x1581</value>
         <object_component_ref idref="oc-288"/>
      </symbol>
      <symbol id="sm-3d0">
         <name>I2C_enableModule</name>
         <value>0x1855</value>
         <object_component_ref idref="oc-237"/>
      </symbol>
      <symbol id="sm-3d1">
         <name>I2C_masterReceiveStart</name>
         <value>0x1795</value>
         <object_component_ref idref="oc-27c"/>
      </symbol>
      <symbol id="sm-3d2">
         <name>I2C_clearInterruptFlag</name>
         <value>0x1829</value>
         <object_component_ref idref="oc-257"/>
      </symbol>
      <symbol id="sm-3d3">
         <name>I2C_setSlaveAddress</name>
         <value>0x187f</value>
         <object_component_ref idref="oc-251"/>
      </symbol>
      <symbol id="sm-3d4">
         <name>I2C_initMaster</name>
         <value>0x1331</value>
         <object_component_ref idref="oc-22b"/>
      </symbol>
      <symbol id="sm-3d5">
         <name>I2C_disableModule</name>
         <value>0x183f</value>
         <object_component_ref idref="oc-231"/>
      </symbol>
      <symbol id="sm-3f6">
         <name>__TI_zero_init_nomemset</name>
         <value>0x1779</value>
         <object_component_ref idref="oc-40"/>
      </symbol>
      <symbol id="sm-40d">
         <name>__TI_decompress_none</name>
         <value>0x18b9</value>
         <object_component_ref idref="oc-1a"/>
      </symbol>
      <symbol id="sm-430">
         <name>__TI_decompress_lzss</name>
         <value>0x12c9</value>
         <object_component_ref idref="oc-14"/>
      </symbol>
      <symbol id="sm-446">
         <name>rand</name>
         <value>0x1661</value>
         <object_component_ref idref="oc-12c"/>
      </symbol>
      <symbol id="sm-459">
         <name>__stack</name>
         <value>0x2000fe00</value>
         <object_component_ref idref="oc-26"/>
      </symbol>
      <symbol id="sm-45a">
         <name>_c_int00_noargs</name>
         <value>0x162d</value>
         <object_component_ref idref="oc-52"/>
      </symbol>
      <symbol id="sm-476">
         <name>memcpy</name>
         <value>0xea9</value>
         <object_component_ref idref="oc-34"/>
      </symbol>
      <symbol id="sm-477">
         <name>__aeabi_memcpy</name>
         <value>0xea9</value>
         <object_component_ref idref="oc-34"/>
      </symbol>
      <symbol id="sm-478">
         <name>__aeabi_memcpy8</name>
         <value>0xea9</value>
         <object_component_ref idref="oc-34"/>
      </symbol>
      <symbol id="sm-479">
         <name>__aeabi_memcpy4</name>
         <value>0xea9</value>
         <object_component_ref idref="oc-34"/>
      </symbol>
      <symbol id="sm-4a1">
         <name>__TI_auto_init_nobinit_nopinit</name>
         <value>0x153d</value>
         <object_component_ref idref="oc-155"/>
      </symbol>
      <symbol id="sm-4ab">
         <name>_system_pre_init</name>
         <value>0x18f9</value>
         <object_component_ref idref="oc-a2"/>
      </symbol>
      <symbol id="sm-4b7">
         <name>C$$EXIT</name>
         <value>0x18fd</value>
         <object_component_ref idref="oc-149"/>
      </symbol>
      <symbol id="sm-4b8">
         <name>abort</name>
         <value>0x18fd</value>
         <object_component_ref idref="oc-149"/>
      </symbol>
      <symbol id="sm-4cd">
         <name>_nop</name>
         <value>0x17c7</value>
         <object_component_ref idref="oc-28f"/>
      </symbol>
      <symbol id="sm-4ce">
         <name>_lock</name>
         <value>0x20000054</value>
         <object_component_ref idref="oc-1e5"/>
      </symbol>
      <symbol id="sm-4cf">
         <name>_unlock</name>
         <value>0x20000058</value>
         <object_component_ref idref="oc-1e5"/>
      </symbol>
      <symbol id="sm-4d1">
         <name>__TI_static_base__</name>
         <value>0x0</value>
      </symbol>
      <symbol id="sm-4d4">
         <name>__mpu_init</name>
         <value>0x0</value>
      </symbol>
      <symbol id="sm-4d5">
         <name>_system_post_cinit</name>
         <value>0x0</value>
      </symbol>
      <symbol id="sm-4d6">
         <name>NMI_Handler</name>
         <value>0x1393</value>
      </symbol>
      <symbol id="sm-4d7">
         <name>HardFault_Handler</name>
         <value>0x1393</value>
      </symbol>
      <symbol id="sm-4d8">
         <name>MemManage_Handler</name>
         <value>0x1393</value>
      </symbol>
      <symbol id="sm-4d9">
         <name>BusFault_Handler</name>
         <value>0x1393</value>
      </symbol>
      <symbol id="sm-4da">
         <name>UsageFault_Handler</name>
         <value>0x1393</value>
      </symbol>
      <symbol id="sm-4db">
         <name>SVC_Handler</name>
         <value>0x1393</value>
      </symbol>
      <symbol id="sm-4dc">
         <name>DebugMon_Handler</name>
         <value>0x1393</value>
      </symbol>
      <symbol id="sm-4dd">
         <name>PendSV_Handler</name>
         <value>0x1393</value>
      </symbol>
      <symbol id="sm-4de">
         <name>SysTick_Handler</name>
         <value>0x18a9</value>
      </symbol>
      <symbol id="sm-4df">
         <name>PSS_IRQHandler</name>
         <value>0x1393</value>
      </symbol>
      <symbol id="sm-4e0">
         <name>CS_IRQHandler</name>
         <value>0x1393</value>
      </symbol>
      <symbol id="sm-4e1">
         <name>PCM_IRQHandler</name>
         <value>0x1393</value>
      </symbol>
      <symbol id="sm-4e2">
         <name>WDT_A_IRQHandler</name>
         <value>0x1393</value>
      </symbol>
      <symbol id="sm-4e3">
         <name>FPU_IRQHandler</name>
         <value>0x1393</value>
      </symbol>
      <symbol id="sm-4e4">
         <name>FLCTL_IRQHandler</name>
         <value>0x1393</value>
      </symbol>
      <symbol id="sm-4e5">
         <name>COMP_E0_IRQHandler</name>
         <value>0x1393</value>
      </symbol>
      <symbol id="sm-4e6">
         <name>COMP_E1_IRQHandler</name>
         <value>0x1393</value>
      </symbol>
      <symbol id="sm-4e7">
         <name>TA0_0_IRQHandler</name>
         <value>0x1393</value>
      </symbol>
      <symbol id="sm-4e8">
         <name>TA0_N_IRQHandler</name>
         <value>0x1393</value>
      </symbol>
      <symbol id="sm-4e9">
         <name>TA1_0_IRQHandler</name>
         <value>0x1393</value>
      </symbol>
      <symbol id="sm-4ea">
         <name>TA1_N_IRQHandler</name>
         <value>0x1393</value>
      </symbol>
      <symbol id="sm-4eb">
         <name>TA2_0_IRQHandler</name>
         <value>0x1393</value>
      </symbol>
      <symbol id="sm-4ec">
         <name>TA2_N_IRQHandler</name>
         <value>0x1393</value>
      </symbol>
      <symbol id="sm-4ed">
         <name>TA3_0_IRQHandler</name>
         <value>0x1393</value>
      </symbol>
      <symbol id="sm-4ee">
         <name>TA3_N_IRQHandler</name>
         <value>0x1393</value>
      </symbol>
      <symbol id="sm-4ef">
         <name>EUSCIA0_IRQHandler</name>
         <value>0x1393</value>
      </symbol>
      <symbol id="sm-4f0">
         <name>EUSCIA1_IRQHandler</name>
         <value>0x1393</value>
      </symbol>
      <symbol id="sm-4f1">
         <name>EUSCIA2_IRQHandler</name>
         <value>0x1393</value>
      </symbol>
      <symbol id="sm-4f2">
         <name>EUSCIA3_IRQHandler</name>
         <value>0x1393</value>
      </symbol>
      <symbol id="sm-4f3">
         <name>EUSCIB0_IRQHandler</name>
         <value>0x1393</value>
      </symbol>
      <symbol id="sm-4f4">
         <name>EUSCIB1_IRQHandler</name>
         <value>0x1393</value>
      </symbol>
      <symbol id="sm-4f5">
         <name>EUSCIB2_IRQHandler</name>
         <value>0x1393</value>
      </symbol>
      <symbol id="sm-4f6">
         <name>EUSCIB3_IRQHandler</name>
         <value>0x1393</value>
      </symbol>
      <symbol id="sm-4f7">
         <name>ADC14_IRQHandler</name>
         <value>0x1393</value>
      </symbol>
      <symbol id="sm-4f8">
         <name>T32_INT1_IRQHandler</name>
         <value>0x1393</value>
      </symbol>
      <symbol id="sm-4f9">
         <name>T32_INT2_IRQHandler</name>
         <value>0x1393</value>
      </symbol>
      <symbol id="sm-4fa">
         <name>T32_INTC_IRQHandler</name>
         <value>0x1393</value>
      </symbol>
      <symbol id="sm-4fb">
         <name>AES256_IRQHandler</name>
         <value>0x1393</value>
      </symbol>
      <symbol id="sm-4fc">
         <name>RTC_C_IRQHandler</name>
         <value>0x1393</value>
      </symbol>
      <symbol id="sm-4fd">
         <name>DMA_ERR_IRQHandler</name>
         <value>0x1393</value>
      </symbol>
      <symbol id="sm-4fe">
         <name>DMA_INT3_IRQHandler</name>
         <value>0x1393</value>
      </symbol>
      <symbol id="sm-4ff">
         <name>DMA_INT2_IRQHandler</name>
         <value>0x1393</value>
      </symbol>
      <symbol id="sm-500">
         <name>DMA_INT1_IRQHandler</name>
         <value>0x1393</value>
      </symbol>
      <symbol id="sm-501">
         <name>DMA_INT0_IRQHandler</name>
         <value>0x1393</value>
      </symbol>
      <symbol id="sm-502">
         <name>PORT1_IRQHandler</name>
         <value>0x14f9</value>
      </symbol>
      <symbol id="sm-503">
         <name>PORT2_IRQHandler</name>
         <value>0x1393</value>
      </symbol>
      <symbol id="sm-504">
         <name>PORT3_IRQHandler</name>
         <value>0x1393</value>
      </symbol>
      <symbol id="sm-505">
         <name>PORT4_IRQHandler</name>
         <value>0x1393</value>
      </symbol>
      <symbol id="sm-506">
         <name>PORT5_IRQHandler</name>
         <value>0xf45</value>
      </symbol>
      <symbol id="sm-507">
         <name>PORT6_IRQHandler</name>
         <value>0x1393</value>
      </symbol>
   </symbol_table>
   <title>Link successful</title>
</link_info>
